Component: ARM Compiler 5.06 update 3 (build 300) Tool: armlink [4d35c9]

==============================================================================

Section Cross References

    main.o(.text) refers to _printf_percent.o(.ARM.Collect$$_printf_percent$$00000000) for _printf_percent
    main.o(.text) refers to _printf_f.o(.ARM.Collect$$_printf_percent$$00000003) for _printf_f
    main.o(.text) refers to printf1.o(x$fpl$printf1) for _printf_fp_dec
    main.o(.text) refers to rt_memclr_w.o(.text) for __aeabi_memclr4
    main.o(.text) refers to delay.o(.text) for delay_init
    main.o(.text) refers to misc.o(.text) for NVIC_PriorityGroupConfig
    main.o(.text) refers to usart.o(.text) for uart_init
    main.o(.text) refers to led.o(.text) for LED_Init
    main.o(.text) refers to lcd.o(.text) for LCD_Init
    main.o(.text) refers to key.o(.text) for KEY_Init
    main.o(.text) refers to can.o(.text) for CAN_Mode_Init
    main.o(.text) refers to pstwo.o(.text) for PS2_Init
    main.o(.text) refers to noretval__2printf.o(.text) for __2printf
    main.o(.text) refers to stm32f10x_gpio.o(.text) for GPIO_ReadInputDataBit
    main.o(.text) refers to f2d.o(x$fpl$f2d) for __aeabi_f2d
    main.o(.text) refers to daddsub_clz.o(x$fpl$dsub) for __aeabi_dsub
    main.o(.text) refers to d2f.o(x$fpl$d2f) for __aeabi_d2f
    main.o(.text) refers to daddsub_clz.o(x$fpl$dadd) for __aeabi_dadd
    main.o(.text) refers to dflt_clz.o(x$fpl$dflt) for __aeabi_i2d
    main.o(.text) refers to sqrt.o(i.sqrt) for sqrt
    main.o(.text) refers to ddiv.o(x$fpl$ddiv) for __aeabi_ddiv
    main.o(.text) refers to dmul.o(x$fpl$dmul) for __aeabi_dmul
    main.o(.text) refers to dfix.o(x$fpl$dfix) for __aeabi_d2iz
    main.o(.text) refers to main.o(.constdata) for .constdata
    main.o(.text) refers to main.o(.data) for PS2_KEY
    main.o(.text) refers to pstwo.o(.data) for MASK
    main.o(.text) refers to pid.o(.text) for set_speed
    system_stm32f10x.o(.text) refers to system_stm32f10x.o(.data) for SystemCoreClock
    led.o(.text) refers to stm32f10x_rcc.o(.text) for RCC_APB2PeriphClockCmd
    led.o(.text) refers to stm32f10x_gpio.o(.text) for GPIO_Init
    key.o(.text) refers to stm32f10x_rcc.o(.text) for RCC_APB2PeriphClockCmd
    key.o(.text) refers to stm32f10x_gpio.o(.text) for GPIO_PinRemapConfig
    key.o(.text) refers to delay.o(.text) for delay_ms
    key.o(.text) refers to key.o(.data) for key_up
    lcd.o(.text) refers to _printf_percent.o(.ARM.Collect$$_printf_percent$$00000000) for _printf_percent
    lcd.o(.text) refers to _printf_x.o(.ARM.Collect$$_printf_percent$$0000000C) for _printf_x
    lcd.o(.text) refers to _printf_hex_int.o(.text) for _printf_longlong_hex
    lcd.o(.text) refers to delay.o(.text) for delay_us
    lcd.o(.text) refers to lcd.o(.bss) for lcddev
    lcd.o(.text) refers to dflt_clz.o(x$fpl$dfltu) for __aeabi_ui2d
    lcd.o(.text) refers to dmul.o(x$fpl$dmul) for __aeabi_dmul
    lcd.o(.text) refers to dfixu.o(x$fpl$dfixu) for __aeabi_d2uiz
    lcd.o(.text) refers to lcd.o(.data) for POINT_COLOR
    lcd.o(.text) refers to stm32f10x_rcc.o(.text) for RCC_AHBPeriphClockCmd
    lcd.o(.text) refers to stm32f10x_gpio.o(.text) for GPIO_Init
    lcd.o(.text) refers to stm32f10x_fsmc.o(.text) for FSMC_NORSRAMInit
    lcd.o(.text) refers to noretval__2printf.o(.text) for __2printf
    lcd.o(.text) refers to lcd.o(.constdata) for asc2_1206
    can.o(.text) refers to stm32f10x_rcc.o(.text) for RCC_APB2PeriphClockCmd
    can.o(.text) refers to stm32f10x_gpio.o(.text) for GPIO_Init
    can.o(.text) refers to stm32f10x_can.o(.text) for CAN_Init
    pid.o(.text) refers to _printf_percent.o(.ARM.Collect$$_printf_percent$$00000000) for _printf_percent
    pid.o(.text) refers to _printf_d.o(.ARM.Collect$$_printf_percent$$00000009) for _printf_d
    pid.o(.text) refers to _printf_f.o(.ARM.Collect$$_printf_percent$$00000003) for _printf_f
    pid.o(.text) refers to _printf_dec.o(.text) for _printf_int_dec
    pid.o(.text) refers to printf1.o(x$fpl$printf1) for _printf_fp_dec
    pid.o(.text) refers to noretval__2printf.o(.text) for __2printf
    pid.o(.text) refers to can.o(.text) for Can_Receive_Msg
    pid.o(.text) refers to dflt_clz.o(x$fpl$dflt) for __aeabi_i2d
    pid.o(.text) refers to dflt_clz.o(x$fpl$dfltu) for __aeabi_ui2d
    pid.o(.text) refers to daddsub_clz.o(x$fpl$dsub) for __aeabi_dsub
    pid.o(.text) refers to daddsub_clz.o(x$fpl$dadd) for __aeabi_dadd
    pid.o(.text) refers to dmul.o(x$fpl$dmul) for __aeabi_dmul
    pid.o(.text) refers to dfix.o(x$fpl$dfix) for __aeabi_d2iz
    pid.o(.text) refers to fflt_clz.o(x$fpl$fflt) for __aeabi_i2f
    pid.o(.text) refers to fdiv.o(x$fpl$fdiv) for __aeabi_fdiv
    pid.o(.text) refers to f2d.o(x$fpl$f2d) for __aeabi_f2d
    pid.o(.text) refers to ddiv.o(x$fpl$ddiv) for __aeabi_ddiv
    pid.o(.text) refers to d2f.o(x$fpl$d2f) for __aeabi_d2f
    pid.o(.text) refers to pid.o(.data) for IDD
[...]
    stm32f10x_it.c                           0x00000000   Number         0  stm32f10x_it.o ABSOLUTE
    system_stm32f10x.c                       0x00000000   Number         0  system_stm32f10x.o ABSOLUTE
    RESET                                    0x08000000   Section      304  startup_stm32f10x_hd.o(RESET)
    !!!main                                  0x08000130   Section        8  __main.o(!!!main)
    !!!scatter                               0x08000138   Section       52  __scatter.o(!!!scatter)
    !!dczerorl2                              0x0800016c   Section       90  __dczerorl2.o(!!dczerorl2)
    !!handler_zi                             0x080001c8   Section       28  __scatter_zi.o(!!handler_zi)
    .ARM.Collect$$_printf_percent$$00000000  0x080001e4   Section        0  _printf_percent.o(.ARM.Collect$$_printf_percent$$00000000)
    .ARM.Collect$$_printf_percent$$00000003  0x080001e4   Section        6  _printf_f.o(.ARM.Collect$$_printf_percent$$00000003)
    .ARM.Collect$$_printf_percent$$00000009  0x080001ea   Section        6  _printf_d.o(.ARM.Collect$$_printf_percent$$00000009)
    .ARM.Collect$$_printf_percent$$0000000C  0x080001f0   Section        6  _printf_x.o(.ARM.Collect$$_printf_percent$$0000000C)
    .ARM.Collect$$_printf_percent$$00000017  0x080001f6   Section        4  _printf_percent_end.o(.ARM.Collect$$_printf_percent$$00000017)
    .ARM.Collect$$libinit$$00000000          0x080001fa   Section        2  libinit.o(.ARM.Collect$$libinit$$00000000)
    .ARM.Collect$$libinit$$00000002          0x080001fc   Section        0  libinit2.o(.ARM.Collect$$libinit$$00000002)
    .ARM.Collect$$libinit$$00000004          0x080001fc   Section        0  libinit2.o(.ARM.Collect$$libinit$$00000004)
    .ARM.Collect$$libinit$$0000000A          0x080001fc   Section        0  libinit2.o(.ARM.Collect$$libinit$$0000000A)
    .ARM.Collect$$libinit$$0000000C          0x080001fc   Section        0  libinit2.o(.ARM.Collect$$libinit$$0000000C)
    .ARM.Collect$$libinit$$0000000E          0x080001fc   Section        0  libinit2.o(.ARM.Collect$$libinit$$0000000E)
    .ARM.Collect$$libinit$$0000000F          0x080001fc   Section        6  libinit2.o(.ARM.Collect$$libinit$$0000000F)
    .ARM.Collect$$libinit$$00000011          0x08000202   Section        0  libinit2.o(.ARM.Collect$$libinit$$00000011)
    .ARM.Collect$$libinit$$00000013          0x08000202   Section        0  libinit2.o(.ARM.Collect$$libinit$$00000013)
    .ARM.Collect$$libinit$$00000015          0x08000202   Section        0  libinit2.o(.ARM.Collect$$libinit$$00000015)
    .ARM.Collect$$libinit$$00000016          0x08000202   Section       10  libinit2.o(.ARM.Collect$$libinit$$00000016)
    .ARM.Collect$$libinit$$00000017          0x0800020c   Section        0  libinit2.o(.ARM.Collect$$libinit$$00000017)
    .ARM.Collect$$libinit$$00000019          0x0800020c   Section        0  libinit2.o(.ARM.Collect$$libinit$$00000019)
    .ARM.Collect$$libinit$$0000001B          0x0800020c   Section        0  libinit2.o(.ARM.Collect$$libinit$$0000001B)
    .ARM.Collect$$libinit$$0000001D          0x0800020c   Section        0  libinit2.o(.ARM.Collect$$libinit$$0000001D)
    .ARM.Collect$$libinit$$0000001F          0x0800020c   Section        0  libinit2.o(.ARM.Collect$$libinit$$0000001F)
    .ARM.Collect$$libinit$$00000021          0x0800020c   Section        0  libinit2.o(.ARM.Collect$$libinit$$00000021)
    .ARM.Collect$$libinit$$00000023          0x0800020c   Section        0  libinit2.o(.ARM.Collect$$libinit$$00000023)
    .ARM.Collect$$libinit$$00000025          0x0800020c   Section        0  libinit2.o(.ARM.Collect$$libinit$$00000025)
    .ARM.Collect$$libinit$$0000002C          0x0800020c   Section        0  libinit2.o(.ARM.Collect$$libinit$$0000002C)
    .ARM.Collect$$libinit$$0000002E          0x0800020c   Section        0  libinit2.o(.ARM.Collect$$libinit$$0000002E)
    .ARM.Collect$$libinit$$00000030          0x0800020c   Section        0  libinit2.o(.ARM.Collect$$libinit$$00000030)
    .ARM.Collect$$libinit$$00000032          0x0800020c   Section        0  libinit2.o(.ARM.Collect$$libinit$$00000032)
    .ARM.Collect$$libinit$$00000033          0x0800020c   Section        2  libinit2.o(.ARM.Collect$$libinit$$00000033)
    .ARM.Collect$$libshutdown$$00000000      0x0800020e   Section        2  libshutdown.o(.ARM.Collect$$libshutdown$$00000000)
    .ARM.Collect$$libshutdown$$00000002      0x08000210   Section        0  libshutdown2.o(.ARM.Collect$$libshutdown$$00000002)
    .ARM.Collect$$libshutdown$$00000004      0x08000210   Section        0  libshutdown2.o(.ARM.Collect$$libshutdown$$00000004)
    .ARM.Collect$$libshutdown$$00000007      0x08000210   Section        0  libshutdown2.o(.ARM.Collect$$libshutdown$$00000007)
    .ARM.Collect$$libshutdown$$0000000A      0x08000210   Section        0  libshutdown2.o(.ARM.Collect$$libshutdown$$0000000A)
    .ARM.Collect$$libshutdown$$0000000C      0x08000210   Section        0  libshutdown2.o(.ARM.Collect$$libshutdown$$0000000C)
    .ARM.Collect$$libshutdown$$0000000F      0x08000210   Section        0  libshutdown2.o(.ARM.Collect$$libshutdown$$0000000F)
    .ARM.Collect$$libshutdown$$00000010      0x08000210   Section        2  libshutdown2.o(.ARM.Collect$$libshutdown$$00000010)
    .ARM.Collect$$rtentry$$00000000          0x08000212   Section        0  __rtentry.o(.ARM.Collect$$rtentry$$00000000)
    .ARM.Collect$$rtentry$$00000002          0x08000212   Section        0  __rtentry2.o(.ARM.Collect$$rtentry$$00000002)
    .ARM.Collect$$rtentry$$00000004          0x08000212   Section        6  __rtentry4.o(.ARM.Collect$$rtentry$$00000004)
    .ARM.Collect$$rtentry$$00000009          0x08000218   Section        0  __rtentry2.o(.ARM.Collect$$rtentry$$00000009)
    .ARM.Collect$$rtentry$$0000000A          0x08000218   Section        4  __rtentry2.o(.ARM.Collect$$rtentry$$0000000A)
    .ARM.Collect$$rtentry$$0000000C          0x0800021c   Section        0  __rtentry2.o(.ARM.Collect$$rtentry$$0000000C)
    .ARM.Collect$$rtentry$$0000000D          0x0800021c   Section        8  __rtentry2.o(.ARM.Collect$$rtentry$$0000000D)
    .ARM.Collect$$rtexit$$00000000           0x08000224   Section        2  rtexit.o(.ARM.Collect$$rtexit$$00000000)
    .ARM.Collect$$rtexit$$00000002           0x08000226   Section        0  rtexit2.o(.ARM.Collect$$rtexit$$00000002)
    .ARM.Collect$$rtexit$$00000003           0x08000226   Section        4  rtexit2.o(.ARM.Collect$$rtexit$$00000003)
    .ARM.Collect$$rtexit$$00000004           0x0800022a   Section        6  rtexit2.o(.ARM.Collect$$rtexit$$00000004)
    .text                                    0x08000230   Section        0  main.o(.text)
    .text                                    0x08000858   Section        0  stm32f10x_it.o(.text)
    .text                                    0x08000874   Section        0  system_stm32f10x.o(.text)
    SetSysClockTo72                          0x08000875   Thumb Code   214  system_stm32f10x.o(.text)
    SetSysClock                              0x0800094b   Thumb Code     8  system_stm32f10x.o(.text)
    .text                                    0x08000a54   Section        0  led.o(.text)
    .text                                    0x08000aa0   Section        0  key.o(.text)
    .text                                    0x08000b9c   Section        0  lcd.o(.text)
    .text                                    0x08003fe8   Section        0  can.o(.text)
    .text                                    0x08004158   Section        0  pid.o(.text)
    .text                                    0x080048a0   Section        0  pstwo.o(.text)
    .text                                    0x08004c80   Section        0  delay.o(.text)
    .text                                    0x08004d54   Section        0  usart.o(.text)
    .text                                    0x08004e94   Section       64  startup_stm32f10x_hd.o(.text)
    .text                                    0x08004ed4   Section        0  misc.o(.text)
    .text                                    0x08004fb0   Section        0  stm32f10x_fsmc.o(.text)
    .text                                    0x080055bc   Section        0  stm32f10x_gpio.o(.text)
    .text                                    0x08005918   Section        0  stm32f10x_rcc.o(.text)
    .text                                    0x08005cbc   Section        0  stm32f10x_can.o(.text)
    CheckITStatus                            0x080064bf   Thumb Code    18  stm32f10x_can.o(.text)
    .text                                    0x080066ac   Section        0  stm32f10x_usart.o(.text)
    .text                                    0x08006ab4   Section        2  use_no_semi_2.o(.text)
    .text                                    0x08006ab8   Section        0  noretval__2printf.o(.text)
    .text                                    0x08006ad0   Section        0  _printf_dec.o(.text)
    .text                                    0x08006b48   Section        0  _printf_hex_int.o(.text)
    .text                                    0x08006ba0   Section        0  __printf_wp.o(.text)
    .text                                    0x08006cae   Section       78  rt_memclr_w.o(.text)
    .text                                    0x08006cfc   Section        0  heapauxi.o(.text)
    .text                                    0x08006d02   Section        2  use_no_semi.o(.text)
    .text                                    0x08006d04   Section        0  _rserrno.o(.text)
    .text                                    0x08006d1a   Section        0  _printf_intcommon.o(.text)
    .text                                    0x08006dcc   Section        0  _printf_fp_dec.o(.text)
    _fp_digits                               0x08006dcf   Thumb Code   428  _printf_fp_dec.o(.text)
    .text                                    0x080071e8   Section        0  _printf_char_file.o(.text)
    .text                                    0x0800720c   Section        8  rt_locale_intlibspace.o(.text)
    .text                                    0x08007214   Section        8  rt_errno_addr_intlibspace.o(.text)
    .text                                    0x0800721c   Section      138  lludiv10.o(.text)
    .text                                    0x080072a8   Section        0  _printf_char_common.o(.text)
    _printf_input_char                       0x080072a9   Thumb Code    10  _printf_char_common.o(.text)
    .text                                    0x080072d8   Section        0  _printf_fp_infnan.o(.text)
    .text                                    0x08007358   Section        0  bigflt0.o(.text)
    .text                                    0x08007434   Section        0  ferror.o(.text)
    .text                                    0x0800743c   Section        8  libspace.o(.text)
    .text                                    0x08007444   Section       74  sys_stackheap_outer.o(.text)
    .text                                    0x0800748e   Section        0  exit.o(.text)
    .text                                    0x080074a0   Section      128  strcmpv7m.o(.text)
    CL$$btod_d2e                             0x08007520   Section       62  btod.o(CL$$btod_d2e)
    CL$$btod_d2e_denorm_low                  0x0800755e   Section       70  btod.o(CL$$btod_d2e_denorm_low)
    CL$$btod_d2e_norm_op1                    0x080075a4   Section       96  btod.o(CL$$btod_d2e_norm_op1)
    CL$$btod_div_common                      0x08007604   Section      824  btod.o(CL$$btod_div_common)
    CL$$btod_e2e                             0x0800793c   Section      198  btod.o(CL$$btod_e2e)
    CL$$btod_ediv                            0x08007a02   Section       40  btod.o(CL$$btod_ediv)
    CL$$btod_emul                            0x08007a2a   Section       40  btod.o(CL$$btod_emul)
    CL$$btod_mult_common                     0x08007a52   Section      580  btod.o(CL$$btod_mult_common)
    i.__ARM_fpclassify                       0x08007c96   Section        0  fpclassify.o(i.__ARM_fpclassify)
    i._is_digit                              0x08007cbe   Section        0  __printf_wp.o(i._is_digit)
    i.sqrt                                   0x08007ccc   Section        0  sqrt.o(i.sqrt)
    locale$$code                             0x08007d18   Section       44  lc_numeric_c.o(locale$$code)
    x$fpl$d2f                                0x08007d44   Section       98  d2f.o(x$fpl$d2f)
    x$fpl$dadd                               0x08007da8   Section      336  daddsub_clz.o(x$fpl$dadd)
    _dadd1                                   0x08007db9   Thumb Code     0  daddsub_clz.o(x$fpl$dadd)
    x$fpl$ddiv                               0x08007ef8   Section      688  ddiv.o(x$fpl$ddiv)
    ddiv_entry                               0x08007eff   Thumb Code     0  ddiv.o(x$fpl$ddiv)
    x$fpl$dfix                               0x080081a8   Section       94  dfix.o(x$fpl$dfix)
    x$fpl$dfixu                              0x08008208   Section       90  dfixu.o(x$fpl$dfixu)
    x$fpl$dflt                               0x08008262   Section       46  dflt_clz.o(x$fpl$dflt)
    x$fpl$dfltu                              0x08008290   Section       38  dflt_clz.o(x$fpl$dfltu)
    x$fpl$dmul                               0x080082b8   Section      340  dmul.o(x$fpl$dmul)
    x$fpl$dnaninf                            0x0800840c   Section      156  dnaninf.o(x$fpl$dnaninf)
    x$fpl$dretinf                            0x080084a8   Section       12  dretinf.o(x$fpl$dretinf)
    x$fpl$dsqrt                              0x080084b4   Section      460  dsqrt_noumaal.o(x$fpl$dsqrt)
    x$fpl$dsub                               0x08008680   Section      468  daddsub_clz.o(x$fpl$dsub)
    _dsub1                                   0x08008691   Thumb Code     0  daddsub_clz.o(x$fpl$dsub)
    x$fpl$f2d                                0x08008854   Section       86  f2d.o(x$fpl$f2d)
    x$fpl$fadd                               0x080088ac   Section      196  faddsub_clz.o(x$fpl$fadd)
    _fadd1                                   0x080088bb   Thumb Code     0  faddsub_clz.o(x$fpl$fadd)
    x$fpl$fdiv                               0x08008970   Section      388  fdiv.o(x$fpl$fdiv)
    _fdiv1                                   0x08008971   Thumb Code     0  fdiv.o(x$fpl$fdiv)
    x$fpl$ffix                               0x08008af4   Section       54  ffix.o(x$fpl$ffix)
    x$fpl$fflt                               0x08008b2c   Section       48  fflt_clz.o(x$fpl$fflt)
    x$fpl$fmul                               0x08008b5c   Section      258  fmul.o(x$fpl$fmul)
    x$fpl$fnaninf                            0x08008c5e   Section      140  fnaninf.o(x$fpl$fnaninf)
    x$fpl$fretinf                            0x08008cea   Section       10  fretinf.o(x$fpl$fretinf)
    x$fpl$fsub                               0x08008cf4   Section      234  faddsub_clz.o(x$fpl$fsub)
    _fsub1                                   0x08008d03   Thumb Code     0  faddsub_clz.o(x$fpl$fsub)
    x$fpl$printf1                            0x08008dde   Section        4  printf1.o(x$fpl$printf1)
    x$fpl$usenofp                            0x08008de2   Section        0  usenofp.o(x$fpl$usenofp)
    .constdata                               0x08008de4   Section       48  main.o(.constdata)
    .constdata                               0x08008e14   Section     6080  lcd.o(.constdata)
    .constdata                               0x0800a5d4   Section       40  _printf_hex_int.o(.constdata)
    uc_hextab                                0x0800a5d4   Data          20  _printf_hex_int.o(.constdata)
    lc_hextab                                0x0800a5e8   Data          20  _printf_hex_int.o(.constdata)
    .constdata                               0x0800a5fc   Section      148  bigflt0.o(.constdata)
    tenpwrs_x                                0x0800a5fc   Data          60  bigflt0.o(.constdata)
    tenpwrs_i                                0x0800a638   Data          64  bigflt0.o(.constdata)
    locale$$data                             0x0800a6b0   Section       28  lc_numeric_c.o(locale$$data)
    __lcnum_c_name                           0x0800a6b4   Data           2  lc_numeric_c.o(locale$$data)
    __lcnum_c_start                          0x0800a6bc   Data           0  lc_numeric_c.o(locale$$data)
    __lcnum_c_point                          0x0800a6c8   Data           0  lc_numeric_c.o(locale$$data)
    __lcnum_c_thousands                      0x0800a6ca   Data           0  lc_numeric_c.o(locale$$data)
    __lcnum_c_grouping                       0x0800a6cb   Data           0  lc_numeric_c.o(locale$$data)
    __lcnum_c_end                            0x0800a6cc   Data           0  lc_numeric_c.o(locale$$data)
    .data                                    0x20000000   Section      194  main.o(.data)
    .data                                    0x200000c4   Section       20  system_stm32f10x.o(.data)
    .data                                    0x200000d8   Section        1  key.o(.data)
    key_up                                   0x200000d8   Data           1  key.o(.data)
    .data                                    0x200000da   Section        4  lcd.o(.data)
    .data                                    0x200000e0   Section      172  pid.o(.data)
    .data                                    0x2000018c   Section       36  pstwo.o(.data)
    .data                                    0x200001b0   Section        4  delay.o(.data)
    fac_us                                   0x200001b0   Data           1  delay.o(.data)
    fac_ms                                   0x200001b2   Data           2  delay.o(.data)
    .data                                    0x200001b4   Section        6  usart.o(.data)
    .data                                    0x200001ba   Section       20  stm32f10x_rcc.o(.data)
    APBAHBPrescTable                         0x200001ba   Data          16  stm32f10x_rcc.o(.data)
    ADCPrescTable                            0x200001ca   Data           4  stm32f10x_rcc.o(.data)
    .bss                                     0x200001d0   Section       14  lcd.o(.bss)
    .bss                                     0x200001e0   Section      176  pid.o(.bss)
    .bss                                     0x20000290   Section        9  pstwo.o(.bss)
    .bss                                     0x20000299   Section      200  usart.o(.bss)
    .bss                                     0x20000364   Section       96  libspace.o(.bss)
    HEAP                                     0x200003c8   Section      512  startup_stm32f10x_hd.o(HEAP)
    Heap_Mem                                 0x200003c8   Data         512  startup_stm32f10x_hd.o(HEAP)
    STACK                                    0x200005c8   Section     1024  startup_stm32f10x_hd.o(STACK)
    Stack_Mem                                0x200005c8   Data        1024  startup_stm32f10x_hd.o(STACK)
    __initial_sp                             0x200009c8   Data           0  startup_stm32f10x_hd.o(STACK)

    Global Symbols

    Symbol Name                              Value     Ov Type        Size  Object(Section)

    BuildAttributes$$THM_ISAv4$P$D$K$B$S$PE$A:L22UL41UL21$X:L11$S22US41US21$IEEE1$IW$USESV6$~STKCKD$USESV7$~SHL$OTIME$ROPI$IEEEJ$EBA8$UX$STANDARDLIB$REQ8$PRES8$EABIv2 0x00000000   Number         0  anon$$obj.o ABSOLUTE
    __ARM_use_no_argv                        0x00000000   Number         0  main.o ABSOLUTE
    _printf_flags                            0x00000000   Number         0  printf_stubs.o ABSOLUTE
    _printf_return_value                     0x00000000   Number         0  printf_stubs.o ABSOLUTE
    _printf_sizespec                         0x00000000   Number         0  printf_stubs.o ABSOLUTE
    _printf_widthprec                        0x00000000   Number         0  printf_stubs.o ABSOLUTE
    __ARM_exceptions_init                     - Undefined Weak Reference
    __alloca_initialize                       - Undefined Weak Reference
    __arm_preinit_                            - Undefined Weak Reference
    __cpp_initialize__aeabi_                  - Undefined Weak Reference
    __cxa_finalize                            - Undefined Weak Reference
    __sigvec_lookup                           - Undefined Weak Reference
    _atexit_init                              - Undefined Weak Reference
    _call_atexit_fns                          - Undefined Weak Reference
    _clock_init                               - Undefined Weak Reference
    _fp_trap_init                             - Undefined Weak Reference
    _fp_trap_shutdown                         - Undefined Weak Reference
    _get_lc_collate                           - Undefined Weak Reference
    _get_lc_ctype                             - Undefined Weak Reference
    _get_lc_monetary                          - Undefined Weak Reference
    _get_lc_time                              - Undefined Weak Reference
    _getenv_init                              - Undefined Weak Reference
    _handle_redirection                       - Undefined Weak Reference
    _init_alloc                               - Undefined Weak Reference
    _init_user_alloc                          - Undefined Weak Reference
    _initio                                   - Undefined Weak Reference
    _mutex_acquire                            - Undefined Weak Reference
    _mutex_release                            - Undefined Weak Reference
    _printf_post_padding                      - Undefined Weak Reference
    _printf_pre_padding                       - Undefined Weak Reference
    _printf_truncate_signed                   - Undefined Weak Reference
    _printf_truncate_unsigned                 - Undefined Weak Reference
    _rand_init                                - Undefined Weak Reference
    _signal_finish                            - Undefined Weak Reference
    _signal_init                              - Undefined Weak Reference
    _terminate_alloc                          - Undefined Weak Reference
    _terminate_user_alloc                     - Undefined Weak Reference
    _terminateio                              - Undefined Weak Reference
    __Vectors_Size                           0x00000130   Number         0  startup_stm32f10x_hd.o ABSOLUTE
    __Vectors                                0x08000000   Data           4  startup_stm32f10x_hd.o(RESET)
    __Vectors_End                            0x08000130   Data           0  startup_stm32f10x_hd.o(RESET)
    __main                                   0x08000131   Thumb Code     8  __main.o(!!!main)
    __scatterload                            0x08000139   Thumb Code     0  __scatter.o(!!!scatter)
    __scatterload_rt2                        0x08000139   Thumb Code    44  __scatter.o(!!!scatter)
    __scatterload_rt2_thumb_only             0x08000139   Thumb Code     0  __scatter.o(!!!scatter)
    __scatterload_null                       0x08000147   Thumb Code     0  __scatter.o(!!!scatter)
    __decompress                             0x0800016d   Thumb Code    90  __dczerorl2.o(!!dczerorl2)
    __decompress1                            0x0800016d   Thumb Code     0  __dczerorl2.o(!!dczerorl2)
    __scatterload_zeroinit                   0x080001c9   Thumb Code    28  __scatter_zi.o(!!handler_zi)
    _printf_f                                0x080001e5   Thumb Code     0  _printf_f.o(.ARM.Collect$$_printf_percent$$00000003)
    _printf_percent                          0x080001e5   Thumb Code     0  _printf_percent.o(.ARM.Collect$$_printf_percent$$00000000)
    _printf_d                                0x080001eb   Thumb Code     0  _printf_d.o(.ARM.Collect$$_printf_percent$$00000009)
    _printf_x                                0x080001f1   Thumb Code     0  _printf_x.o(.ARM.Collect$$_printf_percent$$0000000C)
    _printf_percent_end                      0x080001f7   Thumb Code     0  _printf_percent_end.o(.ARM.Collect$$_printf_percent$$00000017)
    __rt_lib_init                            0x080001fb   Thumb Code     0  libinit.o(.ARM.Collect$$libinit$$00000000)
    __rt_lib_init_fp_1                       0x080001fd   Thumb Code     0  libinit2.o(.ARM.Collect$$libinit$$00000002)
    __rt_lib_init_heap_1                     0x080001fd   Thumb Code     0  libinit2.o(.ARM.Collect$$libinit$$0000000A)
    __rt_lib_init_lc_common                  0x080001fd   Thumb Code     0  libinit2.o(.ARM.Collect$$libinit$$0000000F)
    __rt_lib_init_preinit_1                  0x080001fd   Thumb Code     0  libinit2.o(.ARM.Collect$$libinit$$00000004)
    __rt_lib_init_rand_1                     0x080001fd   Thumb Code     0  libinit2.o(.ARM.Collect$$libinit$$0000000E)
    __rt_lib_init_user_alloc_1               0x080001fd   Thumb Code     0  libinit2.o(.ARM.Collect$$libinit$$0000000C)
    __rt_lib_init_lc_collate_1               0x08000203   Thumb Code     0  libinit2.o(.ARM.Collect$$libinit$$00000011)
    __rt_lib_init_lc_ctype_1                 0x08000203   Thumb Code     0  libinit2.o(.ARM.Collect$$libinit$$00000013)
    __rt_lib_init_lc_monetary_1              0x08000203   Thumb Code     0  libinit2.o(.ARM.Collect$$libinit$$00000015)
    __rt_lib_init_lc_numeric_2               0x08000203   Thumb Code     0  libinit2.o(.ARM.Collect$$libinit$$00000016)
    __rt_lib_init_alloca_1                   0x0800020d   Thumb Code     0  libinit2.o(.ARM.Collect$$libinit$$0000002E)
    __rt_lib_init_argv_1                     0x0800020d   Thumb Code     0  libinit2.o(.ARM.Collect$$libinit$$0000002C)
    __rt_lib_init_atexit_1                   0x0800020d   Thumb Code     0  libinit2.o(.ARM.Collect$$libinit$$0000001B)
    __rt_lib_init_clock_1                    0x0800020d   Thumb Code     0  libinit2.o(.ARM.Collect$$libinit$$00000021)
    __rt_lib_init_cpp_1                      0x0800020d   Thumb Code     0  libinit2.o(.ARM.Collect$$libinit$$00000032)
    __rt_lib_init_exceptions_1               0x0800020d   Thumb Code     0  libinit2.o(.ARM.Collect$$libinit$$00000030)
    __rt_lib_init_fp_trap_1                  0x0800020d   Thumb Code     0  libinit2.o(.ARM.Collect$$libinit$$0000001F)
    __rt_lib_init_getenv_1                   0x0800020d   Thumb Code     0  libinit2.o(.ARM.Collect$$libinit$$00000023)
    __rt_lib_init_lc_numeric_1               0x0800020d   Thumb Code     0  libinit2.o(.ARM.Collect$$libinit$$00000017)
    __rt_lib_init_lc_time_1                  0x0800020d   Thumb Code     0  libinit2.o(.ARM.Collect$$libinit$$00000019)
    __rt_lib_init_return                     0x0800020d   Thumb Code     0  libinit2.o(.ARM.Collect$$libinit$$00000033)
    __rt_lib_init_signal_1                   0x0800020d   Thumb Code     0  libinit2.o(.ARM.Collect$$libinit$$0000001D)
    __rt_lib_init_stdio_1                    0x0800020d   Thumb Code     0  libinit2.o(.ARM.Collect$$libinit$$00000025)
    __rt_lib_shutdown                        0x0800020f   Thumb Code     0  libshutdown.o(.ARM.Collect$$libshutdown$$00000000)
    __rt_lib_shutdown_cpp_1                  0x08000211   Thumb Code     0  libshutdown2.o(.ARM.Collect$$libshutdown$$00000002)
    __rt_lib_shutdown_fp_trap_1              0x08000211   Thumb Code     0  libshutdown2.o(.ARM.Collect$$libshutdown$$00000007)
    __rt_lib_shutdown_heap_1                 0x08000211   Thumb Code     0  libshutdown2.o(.ARM.Collect$$libshutdown$$0000000F)
    __rt_lib_shutdown_return                 0x08000211   Thumb Code     0  libshutdown2.o(.ARM.Collect$$libshutdown$$00000010)
    __rt_lib_shutdown_signal_1               0x08000211   Thumb Code     0  libshutdown2.o(.ARM.Collect$$libshutdown$$0000000A)
    __rt_lib_shutdown_stdio_1                0x08000211   Thumb Code     0  libshutdown2.o(.ARM.Collect$$libshutdown$$00000004)
    __rt_lib_shutdown_user_alloc_1           0x08000211   Thumb Code     0  libshutdown2.o(.ARM.Collect$$libshutdown$$0000000C)
    __rt_entry                               0x08000213   Thumb Code     0  __rtentry.o(.ARM.Collect$$rtentry$$00000000)
    __rt_entry_presh_1                       0x08000213   Thumb Code     0  __rtentry2.o(.ARM.Collect$$rtentry$$00000002)
    __rt_entry_sh                            0x08000213   Thumb Code     0  __rtentry4.o(.ARM.Collect$$rtentry$$00000004)
    __rt_entry_li                            0x08000219   Thumb Code     0  __rtentry2.o(.ARM.Collect$$rtentry$$0000000A)
    __rt_entry_postsh_1                      0x08000219   Thumb Code     0  __rtentry2.o(.ARM.Collect$$rtentry$$00000009)
    __rt_entry_main                          0x0800021d   Thumb Code     0  __rtentry2.o(.ARM.Collect$$rtentry$$0000000D)
    __rt_entry_postli_1                      0x0800021d   Thumb Code     0  __rtentry2.o(.ARM.Collect$$rtentry$$0000000C)
    __rt_exit                                0x08000225   Thumb Code     0  rtexit.o(.ARM.Collect$$rtexit$$00000000)
    __rt_exit_ls                             0x08000227   Thumb Code     0  rtexit2.o(.ARM.Collect$$rtexit$$00000003)
    __rt_exit_prels_1                        0x08000227   Thumb Code     0  rtexit2.o(.ARM.Collect$$rtexit$$00000002)
    __rt_exit_exit                           0x0800022b   Thumb Code     0  rtexit2.o(.ARM.Collect$$rtexit$$00000004)
    main                                     0x08000231   Thumb Code  1564  main.o(.text)
    NMI_Handler                              0x08000859   Thumb Code     2  stm32f10x_it.o(.text)
    HardFault_Handler                        0x0800085b   Thumb Code     4  stm32f10x_it.o(.text)
    MemManage_Handler                        0x0800085f   Thumb Code     4  stm32f10x_it.o(.text)
    BusFault_Handler                         0x08000863   Thumb Code     4  stm32f10x_it.o(.text)
    UsageFault_Handler                       0x08000867   Thumb Code     4  stm32f10x_it.o(.text)
    SVC_Handler                              0x0800086b   Thumb Code     2  stm32f10x_it.o(.text)
    DebugMon_Handler                         0x0800086d   Thumb Code     2  stm32f10x_it.o(.text)
    PendSV_Handler                           0x0800086f   Thumb Code     2  stm32f10x_it.o(.text)
    SysTick_Handler                          0x08000871   Thumb Code     2  stm32f10x_it.o(.text)
    SystemInit                               0x08000953   Thumb Code    78  system_stm32f10x.o(.text)
    SystemCoreClockUpdate                    0x080009a1   Thumb Code   142  system_stm32f10x.o(.text)
    LED_Init                                 0x08000a55   Thumb Code    68  led.o(.text)
    KEY_Init                                 0x08000aa1   Thumb Code    82  key.o(.text)
    KEY_Scan                                 0x08000af3   Thumb Code   154  key.o(.text)
    LCD_WR_REG                               0x08000b9d   Thumb Code     6  lcd.o(.text)
    LCD_WR_DATA                              0x08000ba3   Thumb Code     8  lcd.o(.text)
    LCD_RD_DATA                              0x08000bab   Thumb Code    16  lcd.o(.text)
    LCD_WriteReg                             0x08000bbb   Thumb Code    10  lcd.o(.text)
    LCD_ReadReg                              0x08000bc5   Thumb Code    22  lcd.o(.text)
    LCD_WriteRAM_Prepare                     0x08000bdb   Thumb Code    10  lcd.o(.text)
    LCD_WriteRAM                             0x08000be5   Thumb Code     8  lcd.o(.text)
    LCD_BGR2RGB                              0x08000bed   Thumb Code    26  lcd.o(.text)
    opt_delay                                0x08000c07   Thumb Code    14  lcd.o(.text)
    LCD_SetCursor                            0x08000c15   Thumb Code   282  lcd.o(.text)
    LCD_ReadPoint                            0x08000d2f   Thumb Code   126  lcd.o(.text)
    LCD_DisplayOn                            0x08000dad   Thumb Code    32  lcd.o(.text)
    LCD_DisplayOff                           0x08000dcd   Thumb Code    32  lcd.o(.text)
    LCD_Scan_Dir                             0x08000ded   Thumb Code   570  lcd.o(.text)
    LCD_DrawPoint                            0x08001027   Thumb Code    28  lcd.o(.text)
    LCD_Fast_DrawPoint                       0x08001043   Thumb Code   234  lcd.o(.text)
    LCD_SSD_BackLightSet                     0x0800112d   Thumb Code    80  lcd.o(.text)
    LCD_Display_Dir                          0x0800117d   Thumb Code   298  lcd.o(.text)
    LCD_Set_Window                           0x080012a7   Thumb Code   364  lcd.o(.text)
    LCD_Clear                                0x08001413   Thumb Code    42  lcd.o(.text)
    LCD_Init                                 0x0800143d   Thumb Code  9850  lcd.o(.text)
    LCD_Fill                                 0x08003ab7   Thumb Code    80  lcd.o(.text)
    LCD_Color_Fill                           0x08003b07   Thumb Code    92  lcd.o(.text)
    LCD_DrawLine                             0x08003b63   Thumb Code   176  lcd.o(.text)
    LCD_DrawRectangle                        0x08003c13   Thumb Code    60  lcd.o(.text)
    LCD_Draw_Circle                          0x08003c4f   Thumb Code   152  lcd.o(.text)
    LCD_ShowChar                             0x08003ce7   Thumb Code   284  lcd.o(.text)
    LCD_Pow                                  0x08003e03   Thumb Code    22  lcd.o(.text)
    LCD_ShowNum                              0x08003e19   Thumb Code   148  lcd.o(.text)
    LCD_ShowxNum                             0x08003ead   Thumb Code   190  lcd.o(.text)
    LCD_ShowString                           0x08003f6b   Thumb Code   102  lcd.o(.text)
    CAN_Mode_Init                            0x08003fe9   Thumb Code   200  can.o(.text)
    Can_Send_Msg                             0x080040b1   Thumb Code   106  can.o(.text)
    Can_Receive_Msg                          0x0800411b   Thumb Code    54  can.o(.text)
    calcu                                    0x08004159   Thumb Code    10  pid.o(.text)
    show                                     0x08004163   Thumb Code    74  pid.o(.text)
    set_speed                                0x080041ad   Thumb Code   498  pid.o(.text)
    set_destination                          0x0800439f   Thumb Code  1184  pid.o(.text)
    PS2_Init                                 0x080048a1   Thumb Code    62  pstwo.o(.text)
    PS2_Cmd                                  0x080048df   Thumb Code   130  pstwo.o(.text)
    PS2_RedLight                             0x08004961   Thumb Code    50  pstwo.o(.text)
    PS2_ReadData                             0x08004993   Thumb Code   168  pstwo.o(.text)
    PS2_ClearData                            0x08004a3b   Thumb Code    20  pstwo.o(.text)
    PS2_DataKey                              0x08004a4f   Thumb Code    32  pstwo.o(.text)
    PS2_AnologData                           0x08004a6f   Thumb Code     8  pstwo.o(.text)
    PS2_Vibration                            0x08004a77   Thumb Code    90  pstwo.o(.text)
    PS2_ShortPoll                            0x08004ad1   Thumb Code    62  pstwo.o(.text)
    PS2_EnterConfing                         0x08004b0f   Thumb Code    86  pstwo.o(.text)
    PS2_TurnOnAnalogMode                     0x08004b65   Thumb Code    80  pstwo.o(.text)
    PS2_VibrationMode                        0x08004bb5   Thumb Code    62  pstwo.o(.text)
    PS2_ExitConfing                          0x08004bf3   Thumb Code    86  pstwo.o(.text)
    PS2_SetInit                              0x08004c49   Thumb Code    28  pstwo.o(.text)
    delay_init                               0x08004c81   Thumb Code    50  delay.o(.text)
    delay_us                                 0x08004cb3   Thumb Code    72  delay.o(.text)
    delay_ms                                 0x08004cfb   Thumb Code    72  delay.o(.text)
    _sys_exit                                0x08004d55   Thumb Code     4  usart.o(.text)
    fputc                                    0x08004d59   Thumb Code    24  usart.o(.text)
    uart_init                                0x08004d71   Thumb Code   152  usart.o(.text)
    USART1_IRQHandler                        0x08004e09   Thumb Code   122  usart.o(.text)
    Reset_Handler                            0x08004e95   Thumb Code     8  startup_stm32f10x_hd.o(.text)
    ADC1_2_IRQHandler                        0x08004eaf   Thumb Code     0  startup_stm32f10x_hd.o(.text)
    ADC3_IRQHandler                          0x08004eaf   Thumb Code     0  startup_stm32f10x_hd.o(.text)
    CAN1_RX1_IRQHandler                      0x08004eaf   Thumb Code     0  startup_stm32f10x_hd.o(.text)
    CAN1_SCE_IRQHandler                      0x08004eaf   Thumb Code     0  startup_stm32f10x_hd.o(.text)
    DMA1_Channel1_IRQHandler                 0x08004eaf   Thumb Code     0  startup_stm32f10x_hd.o(.text)
    DMA1_Channel2_IRQHandler                 0x08004eaf   Thumb Code     0  startup_stm32f10x_hd.o(.text)
    DMA1_Channel3_IRQHandler                 0x08004eaf   Thumb Code     0  startup_stm32f10x_hd.o(.text)
    DMA1_Channel4_IRQHandler                 0x08004eaf   Thumb Code     0  startup_stm32f10x_hd.o(.text)
    DMA1_Channel5_IRQHandler                 0x08004eaf   Thumb Code     0  startup_stm32f10x_hd.o(.text)
    DMA1_Channel6_IRQHandler                 0x08004eaf   Thumb Code     0  startup_stm32f10x_hd.o(.text)
    DMA1_Channel7_IRQHandler                 0x08004eaf   Thumb Code     0  startup_stm32f10x_hd.o(.text)
    DMA2_Channel1_IRQHandler                 0x08004eaf   Thumb Code     0  startup_stm32f10x_hd.o(.text)
    DMA2_Channel2_IRQHandler                 0x08004eaf   Thumb Code     0  startup_stm32f10x_hd.o(.text)
    DMA2_Channel3_IRQHandler                 0x08004eaf   Thumb Code     0  startup_stm32f10x_hd.o(.text)
    DMA2_Channel4_5_IRQHandler               0x08004eaf   Thumb Code     0  startup_stm32f10x_hd.o(.text)
    EXTI0_IRQHandler                         0x08004eaf   Thumb Code     0  startup_stm32f10x_hd.o(.text)
    EXTI15_10_IRQHandler                     0x08004eaf   Thumb Code     0  startup_stm32f10x_hd.o(.text)
    EXTI1_IRQHandler                         0x08004eaf   Thumb Code     0  startup_stm32f10x_hd.o(.text)
    EXTI2_IRQHandler                         0x08004eaf   Thumb Code     0  startup_stm32f10x_hd.o(.text)
    EXTI3_IRQHandler                         0x08004eaf   Thumb Code     0  startup_stm32f10x_hd.o(.text)
    EXTI4_IRQHandler                         0x08004eaf   Thumb Code     0  startup_stm32f10x_hd.o(.text)
    EXTI9_5_IRQHandler                       0x08004eaf   Thumb Code     0  startup_stm32f10x_hd.o(.text)
    FLASH_IRQHandler                         0x08004eaf   Thumb Code     0  startup_stm32f10x_hd.o(.text)
    FSMC_IRQHandler                          0x08004eaf   Thumb Code     0  startup_stm32f10x_hd.o(.text)
    I2C1_ER_IRQHandler                       0x08004eaf   Thumb Code     0  startup_stm32f10x_hd.o(.text)
    I2C1_EV_IRQHandler                       0x08004eaf   Thumb Code     0  startup_stm32f10x_hd.o(.text)
    I2C2_ER_IRQHandler                       0x08004eaf   Thumb Code     0  startup_stm32f10x_hd.o(.text)
    I2C2_EV_IRQHandler                       0x08004eaf   Thumb Code     0  startup_stm32f10x_hd.o(.text)
    PVD_IRQHandler                           0x08004eaf   Thumb Code     0  startup_stm32f10x_hd.o(.text)
    RCC_IRQHandler                           0x08004eaf   Thumb Code     0  startup_stm32f10x_hd.o(.text)
    RTCAlarm_IRQHandler                      0x08004eaf   Thumb Code     0  startup_stm32f10x_hd.o(.text)
    RTC_IRQHandler                           0x08004eaf   Thumb Code     0  startup_stm32f10x_hd.o(.text)
    SDIO_IRQHandler                          0x08004eaf   Thumb Code     0  startup_stm32f10x_hd.o(.text)
    SPI1_IRQHandler                          0x08004eaf   Thumb Code     0  startup_stm32f10x_hd.o(.text)
    SPI2_IRQHandler                          0x08004eaf   Thumb Code     0  startup_stm32f10x_hd.o(.text)
    SPI3_IRQHandler                          0x08004eaf   Thumb Code     0  startup_stm32f10x_hd.o(.text)
    TAMPER_IRQHandler                        0x08004eaf   Thumb Code     0  startup_stm32f10x_hd.o(.text)
    TIM1_BRK_IRQHandler                      0x08004eaf   Thumb Code     0  startup_stm32f10x_hd.o(.text)
    TIM1_CC_IRQHandler                       0x08004eaf   Thumb Code     0  startup_stm32f10x_hd.o(.text)
    TIM1_TRG_COM_IRQHandler                  0x08004eaf   Thumb Code     0  startup_stm32f10x_hd.o(.text)
    TIM1_UP_IRQHandler                       0x08004eaf   Thumb Code     0  startup_stm32f10x_hd.o(.text)
    TIM2_IRQHandler                          0x08004eaf   Thumb Code     0  startup_stm32f10x_hd.o(.text)
    TIM3_IRQHandler                          0x08004eaf   Thumb Code     0  startup_stm32f10x_hd.o(.text)
    TIM4_IRQHandler                          0x08004eaf   Thumb Code     0  startup_stm32f10x_hd.o(.text)
    TIM5_IRQHandler                          0x08004eaf   Thumb Code     0  startup_stm32f10x_hd.o(.text)
    TIM6_IRQHandler                          0x08004eaf   Thumb Code     0  startup_stm32f10x_hd.o(.text)
    TIM7_IRQHandler                          0x08004eaf   Thumb Code     0  startup_stm32f10x_hd.o(.text)
    TIM8_BRK_IRQHandler                      0x08004eaf   Thumb Code     0  startup_stm32f10x_hd.o(.text)
    TIM8_CC_IRQHandler                       0x08004eaf   Thumb Code     0  startup_stm32f10x_hd.o(.text)
    TIM8_TRG_COM_IRQHandler                  0x08004eaf   Thumb Code     0  startup_stm32f10x_hd.o(.text)
    TIM8_UP_IRQHandler                       0x08004eaf   Thumb Code     0  startup_stm32f10x_hd.o(.text)
    UART4_IRQHandler                         0x08004eaf   Thumb Code     0  startup_stm32f10x_hd.o(.text)
    UART5_IRQHandler                         0x08004eaf   Thumb Code     0  startup_stm32f10x_hd.o(.text)
    USART2_IRQHandler                        0x08004eaf   Thumb Code     0  startup_stm32f10x_hd.o(.text)
    USART3_IRQHandler                        0x08004eaf   Thumb Code     0  startup_stm32f10x_hd.o(.text)
    USBWakeUp_IRQHandler                     0x08004eaf   Thumb Code     0  startup_stm32f10x_hd.o(.text)
    USB_HP_CAN1_TX_IRQHandler                0x08004eaf   Thumb Code     0  startup_stm32f10x_hd.o(.text)
    USB_LP_CAN1_RX0_IRQHandler               0x08004eaf   Thumb Code     0  startup_stm32f10x_hd.o(.text)
    WWDG_IRQHandler                          0x08004eaf   Thumb Code     0  startup_stm32f10x_hd.o(.text)
    __user_initial_stackheap                 0x08004eb1   Thumb Code     0  startup_stm32f10x_hd.o(.text)
    NVIC_PriorityGroupConfig                 0x08004ed5   Thumb Code    10  misc.o(.text)
    NVIC_Init                                0x08004edf   Thumb Code   100  misc.o(.text)
    NVIC_SetVectorTable                      0x08004f43   Thumb Code    14  misc.o(.text)
    NVIC_SystemLPConfig                      0x08004f51   Thumb Code    34  misc.o(.text)
    SysTick_CLKSourceConfig                  0x08004f73   Thumb Code    40  misc.o(.text)
    FSMC_NORSRAMDeInit                       0x08004fb1   Thumb Code    54  stm32f10x_fsmc.o(.text)
    FSMC_NANDDeInit                          0x08004fe7   Thumb Code    62  stm32f10x_fsmc.o(.text)
    FSMC_PCCARDDeInit                        0x08005025   Thumb Code    36  stm32f10x_fsmc.o(.text)
    FSMC_NORSRAMInit                         0x08005049   Thumb Code   230  stm32f10x_fsmc.o(.text)
    FSMC_NANDInit                            0x0800512f   Thumb Code   132  stm32f10x_fsmc.o(.text)
    FSMC_PCCARDInit                          0x080051b3   Thumb Code   130  stm32f10x_fsmc.o(.text)
    FSMC_NORSRAMStructInit                   0x08005235   Thumb Code   114  stm32f10x_fsmc.o(.text)
    FSMC_NANDStructInit                      0x080052a7   Thumb Code    54  stm32f10x_fsmc.o(.text)
    FSMC_PCCARDStructInit                    0x080052dd   Thumb Code    60  stm32f10x_fsmc.o(.text)
    FSMC_NORSRAMCmd                          0x08005319   Thumb Code    46  stm32f10x_fsmc.o(.text)
    FSMC_NANDCmd                             0x08005347   Thumb Code    86  stm32f10x_fsmc.o(.text)
    FSMC_PCCARDCmd                           0x0800539d   Thumb Code    44  stm32f10x_fsmc.o(.text)
    FSMC_NANDECCCmd                          0x080053c9   Thumb Code    90  stm32f10x_fsmc.o(.text)
    FSMC_GetECC                              0x08005423   Thumb Code    24  stm32f10x_fsmc.o(.text)
    FSMC_ITConfig                            0x0800543b   Thumb Code   128  stm32f10x_fsmc.o(.text)
    FSMC_GetFlagStatus                       0x080054bb   Thumb Code    54  stm32f10x_fsmc.o(.text)
    FSMC_ClearFlag                           0x080054f1   Thumb Code    62  stm32f10x_fsmc.o(.text)
    FSMC_GetITStatus                         0x0800552f   Thumb Code    64  stm32f10x_fsmc.o(.text)
    FSMC_ClearITPendingBit                   0x0800556f   Thumb Code    68  stm32f10x_fsmc.o(.text)
    GPIO_DeInit                              0x080055bd   Thumb Code   172  stm32f10x_gpio.o(.text)
    GPIO_AFIODeInit                          0x08005669   Thumb Code    20  stm32f10x_gpio.o(.text)
    GPIO_Init                                0x0800567d   Thumb Code   278  stm32f10x_gpio.o(.text)
    GPIO_StructInit                          0x08005793   Thumb Code    16  stm32f10x_gpio.o(.text)
    GPIO_ReadInputDataBit                    0x080057a3   Thumb Code    18  stm32f10x_gpio.o(.text)
    GPIO_ReadInputData                       0x080057b5   Thumb Code     8  stm32f10x_gpio.o(.text)
    GPIO_ReadOutputDataBit                   0x080057bd   Thumb Code    18  stm32f10x_gpio.o(.text)
    GPIO_ReadOutputData                      0x080057cf   Thumb Code     8  stm32f10x_gpio.o(.text)
    GPIO_SetBits                             0x080057d7   Thumb Code     4  stm32f10x_gpio.o(.text)
    GPIO_ResetBits                           0x080057db   Thumb Code     4  stm32f10x_gpio.o(.text)
    GPIO_WriteBit                            0x080057df   Thumb Code    10  stm32f10x_gpio.o(.text)
    GPIO_Write                               0x080057e9   Thumb Code     4  stm32f10x_gpio.o(.text)
    GPIO_PinLockConfig                       0x080057ed   Thumb Code    18  stm32f10x_gpio.o(.text)
    GPIO_EventOutputConfig                   0x080057ff   Thumb Code    26  stm32f10x_gpio.o(.text)
    GPIO_EventOutputCmd                      0x08005819   Thumb Code     6  stm32f10x_gpio.o(.text)
    GPIO_PinRemapConfig                      0x0800581f   Thumb Code   138  stm32f10x_gpio.o(.text)
    GPIO_EXTILineConfig                      0x080058a9   Thumb Code    66  stm32f10x_gpio.o(.text)
    GPIO_ETH_MediaInterfaceConfig            0x080058eb   Thumb Code     8  stm32f10x_gpio.o(.text)
    RCC_DeInit                               0x08005919   Thumb Code    64  stm32f10x_rcc.o(.text)
    RCC_HSEConfig                            0x08005959   Thumb Code    70  stm32f10x_rcc.o(.text)
    RCC_GetFlagStatus                        0x0800599f   Thumb Code    56  stm32f10x_rcc.o(.text)
    RCC_WaitForHSEStartUp                    0x080059d7   Thumb Code    56  stm32f10x_rcc.o(.text)
    RCC_AdjustHSICalibrationValue            0x08005a0f   Thumb Code    20  stm32f10x_rcc.o(.text)
    RCC_HSICmd                               0x08005a23   Thumb Code     6  stm32f10x_rcc.o(.text)
    RCC_PLLConfig                            0x08005a29   Thumb Code    24  stm32f10x_rcc.o(.text)
    RCC_PLLCmd                               0x08005a41   Thumb Code     6  stm32f10x_rcc.o(.text)
    RCC_SYSCLKConfig                         0x08005a47   Thumb Code    18  stm32f10x_rcc.o(.text)
    RCC_GetSYSCLKSource                      0x08005a59   Thumb Code    10  stm32f10x_rcc.o(.text)
    RCC_HCLKConfig                           0x08005a63   Thumb Code    18  stm32f10x_rcc.o(.text)
    RCC_PCLK1Config                          0x08005a75   Thumb Code    18  stm32f10x_rcc.o(.text)
    RCC_PCLK2Config                          0x08005a87   Thumb Code    20  stm32f10x_rcc.o(.text)
    RCC_ITConfig                             0x08005a9b   Thumb Code    26  stm32f10x_rcc.o(.text)
    RCC_USBCLKConfig                         0x08005ab5   Thumb Code     8  stm32f10x_rcc.o(.text)
    RCC_ADCCLKConfig                         0x08005abd   Thumb Code    18  stm32f10x_rcc.o(.text)
    RCC_LSEConfig                            0x08005acf   Thumb Code    50  stm32f10x_rcc.o(.text)
    RCC_LSICmd                               0x08005b01   Thumb Code     6  stm32f10x_rcc.o(.text)
    RCC_RTCCLKConfig                         0x08005b07   Thumb Code    12  stm32f10x_rcc.o(.text)
    RCC_RTCCLKCmd                            0x08005b13   Thumb Code     8  stm32f10x_rcc.o(.text)
    RCC_GetClocksFreq                        0x08005b1b   Thumb Code   192  stm32f10x_rcc.o(.text)
    RCC_AHBPeriphClockCmd                    0x08005bdb   Thumb Code    26  stm32f10x_rcc.o(.text)
    RCC_APB2PeriphClockCmd                   0x08005bf5   Thumb Code    26  stm32f10x_rcc.o(.text)
    RCC_APB1PeriphClockCmd                   0x08005c0f   Thumb Code    26  stm32f10x_rcc.o(.text)
    RCC_APB2PeriphResetCmd                   0x08005c29   Thumb Code    26  stm32f10x_rcc.o(.text)
    RCC_APB1PeriphResetCmd                   0x08005c43   Thumb Code    26  stm32f10x_rcc.o(.text)
    RCC_BackupResetCmd                       0x08005c5d   Thumb Code     8  stm32f10x_rcc.o(.text)
    RCC_ClockSecuritySystemCmd               0x08005c65   Thumb Code     6  stm32f10x_rcc.o(.text)
    RCC_MCOConfig                            0x08005c6b   Thumb Code     6  stm32f10x_rcc.o(.text)
    RCC_ClearFlag                            0x08005c71   Thumb Code    14  stm32f10x_rcc.o(.text)
    RCC_GetITStatus                          0x08005c7f   Thumb Code    20  stm32f10x_rcc.o(.text)
    RCC_ClearITPendingBit                    0x08005c93   Thumb Code     6  stm32f10x_rcc.o(.text)
    CAN_DeInit                               0x08005cbd   Thumb Code    50  stm32f10x_can.o(.text)
    CAN_Init                                 0x08005cef   Thumb Code   276  stm32f10x_can.o(.text)
    CAN_FilterInit                           0x08005e03   Thumb Code   258  stm32f10x_can.o(.text)
    CAN_StructInit                           0x08005f05   Thumb Code    32  stm32f10x_can.o(.text)
    CAN_SlaveStartBank                       0x08005f25   Thumb Code    48  stm32f10x_can.o(.text)
    CAN_DBGFreeze                            0x08005f55   Thumb Code    22  stm32f10x_can.o(.text)
    CAN_TTComModeCmd                         0x08005f6b   Thumb Code   118  stm32f10x_can.o(.text)
    CAN_Transmit                             0x08005fe1   Thumb Code   304  stm32f10x_can.o(.text)
    CAN_TransmitStatus                       0x08006111   Thumb Code   138  stm32f10x_can.o(.text)
    CAN_CancelTransmit                       0x0800619b   Thumb Code    48  stm32f10x_can.o(.text)
    CAN_Receive                              0x080061cb   Thumb Code   240  stm32f10x_can.o(.text)
    CAN_FIFORelease                          0x080062bb   Thumb Code    22  stm32f10x_can.o(.text)
    CAN_MessagePending                       0x080062d1   Thumb Code    30  stm32f10x_can.o(.text)
    CAN_OperatingModeRequest                 0x080062ef   Thumb Code   162  stm32f10x_can.o(.text)
    CAN_Sleep                                0x08006391   Thumb Code    30  stm32f10x_can.o(.text)
    CAN_WakeUp                               0x080063af   Thumb Code    48  stm32f10x_can.o(.text)
    CAN_GetLastErrorCode                     0x080063df   Thumb Code    12  stm32f10x_can.o(.text)
    CAN_GetReceiveErrorCounter               0x080063eb   Thumb Code    10  stm32f10x_can.o(.text)
    CAN_GetLSBTransmitErrorCounter           0x080063f5   Thumb Code    12  stm32f10x_can.o(.text)
    CAN_ITConfig                             0x08006401   Thumb Code    18  stm32f10x_can.o(.text)
    CAN_GetFlagStatus                        0x08006413   Thumb Code   120  stm32f10x_can.o(.text)
    CAN_ClearFlag                            0x0800648b   Thumb Code    52  stm32f10x_can.o(.text)
    CAN_GetITStatus                          0x080064d1   Thumb Code   310  stm32f10x_can.o(.text)
    CAN_ClearITPendingBit                    0x08006607   Thumb Code   162  stm32f10x_can.o(.text)
    USART_DeInit                             0x080066ad   Thumb Code   134  stm32f10x_usart.o(.text)
    USART_Init                               0x08006733   Thumb Code   210  stm32f10x_usart.o(.text)
    USART_StructInit                         0x08006805   Thumb Code    24  stm32f10x_usart.o(.text)
    USART_ClockInit                          0x0800681d   Thumb Code    34  stm32f10x_usart.o(.text)
    USART_ClockStructInit                    0x0800683f   Thumb Code    12  stm32f10x_usart.o(.text)
    USART_Cmd                                0x0800684b   Thumb Code    24  stm32f10x_usart.o(.text)
    USART_ITConfig                           0x08006863   Thumb Code    74  stm32f10x_usart.o(.text)
    USART_DMACmd                             0x080068ad   Thumb Code    18  stm32f10x_usart.o(.text)
    USART_SetAddress                         0x080068bf   Thumb Code    18  stm32f10x_usart.o(.text)
    USART_WakeUpConfig                       0x080068d1   Thumb Code    18  stm32f10x_usart.o(.text)
    USART_ReceiverWakeUpCmd                  0x080068e3   Thumb Code    24  stm32f10x_usart.o(.text)
    USART_LINBreakDetectLengthConfig         0x080068fb   Thumb Code    18  stm32f10x_usart.o(.text)
    USART_LINCmd                             0x0800690d   Thumb Code    24  stm32f10x_usart.o(.text)
    USART_SendData                           0x08006925   Thumb Code     8  stm32f10x_usart.o(.text)
    USART_ReceiveData                        0x0800692d   Thumb Code    10  stm32f10x_usart.o(.text)
    USART_SendBreak                          0x08006937   Thumb Code    10  stm32f10x_usart.o(.text)
    USART_SetGuardTime                       0x08006941   Thumb Code    16  stm32f10x_usart.o(.text)
    USART_SetPrescaler                       0x08006951   Thumb Code    16  stm32f10x_usart.o(.text)
    USART_SmartCardCmd                       0x08006961   Thumb Code    24  stm32f10x_usart.o(.text)
    USART_SmartCardNACKCmd                   0x08006979   Thumb Code    24  stm32f10x_usart.o(.text)
    USART_HalfDuplexCmd                      0x08006991   Thumb Code    24  stm32f10x_usart.o(.text)
    USART_OverSampling8Cmd                   0x080069a9   Thumb Code    22  stm32f10x_usart.o(.text)
    USART_OneBitMethodCmd                    0x080069bf   Thumb Code    24  stm32f10x_usart.o(.text)
    USART_IrDAConfig                         0x080069d7   Thumb Code    18  stm32f10x_usart.o(.text)
    USART_IrDACmd                            0x080069e9   Thumb Code    24  stm32f10x_usart.o(.text)
    USART_GetFlagStatus                      0x08006a01   Thumb Code    26  stm32f10x_usart.o(.text)
    USART_ClearFlag                          0x08006a1b   Thumb Code    18  stm32f10x_usart.o(.text)
    USART_GetITStatus                        0x08006a2d   Thumb Code    84  stm32f10x_usart.o(.text)
    USART_ClearITPendingBit                  0x08006a81   Thumb Code    52  stm32f10x_usart.o(.text)
    __use_no_semihosting                     0x08006ab5   Thumb Code     2  use_no_semi_2.o(.text)
    __2printf                                0x08006ab9   Thumb Code    20  noretval__2printf.o(.text)
    _printf_int_dec                          0x08006ad1   Thumb Code   104  _printf_dec.o(.text)
    _printf_int_hex                          0x08006b49   Thumb Code    84  _printf_hex_int.o(.text)
    _printf_longlong_hex                     0x08006b49   Thumb Code     0  _printf_hex_int.o(.text)
    __printf                                 0x08006ba1   Thumb Code   270  __printf_wp.o(.text)
    __aeabi_memclr4                          0x08006caf   Thumb Code     0  rt_memclr_w.o(.text)
    __aeabi_memclr8                          0x08006caf   Thumb Code     0  rt_memclr_w.o(.text)
    __rt_memclr_w                            0x08006caf   Thumb Code    78  rt_memclr_w.o(.text)
    _memset_w                                0x08006cb3   Thumb Code     0  rt_memclr_w.o(.text)
    __use_two_region_memory                  0x08006cfd   Thumb Code     2  heapauxi.o(.text)
    __rt_heap_escrow$2region                 0x08006cff   Thumb Code     2  heapauxi.o(.text)
    __rt_heap_expand$2region                 0x08006d01   Thumb Code     2  heapauxi.o(.text)
    __I$use$semihosting                      0x08006d03   Thumb Code     0  use_no_semi.o(.text)
    __use_no_semihosting_swi                 0x08006d03   Thumb Code     2  use_no_semi.o(.text)
    __read_errno                             0x08006d05   Thumb Code    10  _rserrno.o(.text)
    __set_errno                              0x08006d0f   Thumb Code    12  _rserrno.o(.text)
    _printf_int_common                       0x08006d1b   Thumb Code   178  _printf_intcommon.o(.text)
    __lib_sel_fp_printf                      0x08006dcd   Thumb Code     2  _printf_fp_dec.o(.text)
    _printf_fp_dec_real                      0x08006f7b   Thumb Code   620  _printf_fp_dec.o(.text)
    _printf_char_file                        0x080071e9   Thumb Code    32  _printf_char_file.o(.text)
    __rt_locale                              0x0800720d   Thumb Code     8  rt_locale_intlibspace.o(.text)
    __aeabi_errno_addr                       0x08007215   Thumb Code     8  rt_errno_addr_intlibspace.o(.text)
    __errno$intlibspace                      0x08007215   Thumb Code     0  rt_errno_addr_intlibspace.o(.text)
    __rt_errno_addr$intlibspace              0x08007215   Thumb Code     0  rt_errno_addr_intlibspace.o(.text)
    _ll_udiv10                               0x0800721d   Thumb Code   138  lludiv10.o(.text)
    _printf_char_common                      0x080072b3   Thumb Code    32  _printf_char_common.o(.text)
    _printf_fp_infnan                        0x080072d9   Thumb Code   112  _printf_fp_infnan.o(.text)
    _btod_etento                             0x08007359   Thumb Code   216  bigflt0.o(.text)
    ferror                                   0x08007435   Thumb Code     8  ferror.o(.text)
    __user_libspace                          0x0800743d   Thumb Code     8  libspace.o(.text)
    __user_perproc_libspace                  0x0800743d   Thumb Code     0  libspace.o(.text)
    __user_perthread_libspace                0x0800743d   Thumb Code     0  libspace.o(.text)
    __user_setup_stackheap                   0x08007445   Thumb Code    74  sys_stackheap_outer.o(.text)
    exit                                     0x0800748f   Thumb Code    18  exit.o(.text)
    strcmp                                   0x080074a1   Thumb Code   128  strcmpv7m.o(.text)
    _btod_d2e                                0x08007521   Thumb Code    62  btod.o(CL$$btod_d2e)
    _d2e_denorm_low                          0x0800755f   Thumb Code    70  btod.o(CL$$btod_d2e_denorm_low)
    _d2e_norm_op1                            0x080075a5   Thumb Code    96  btod.o(CL$$btod_d2e_norm_op1)
    __btod_div_common                        0x08007605   Thumb Code   696  btod.o(CL$$btod_div_common)
    _e2e                                     0x0800793d   Thumb Code   198  btod.o(CL$$btod_e2e)
    _btod_ediv                               0x08007a03   Thumb Code    40  btod.o(CL$$btod_ediv)
    _btod_emul                               0x08007a2b   Thumb Code    40  btod.o(CL$$btod_emul)
    __btod_mult_common                       0x08007a53   Thumb Code   580  btod.o(CL$$btod_mult_common)
    __ARM_fpclassify                         0x08007c97   Thumb Code    40  fpclassify.o(i.__ARM_fpclassify)
    _is_digit                                0x08007cbf   Thumb Code    14  __printf_wp.o(i._is_digit)
    sqrt                                     0x08007ccd   Thumb Code    76  sqrt.o(i.sqrt)
    _get_lc_numeric                          0x08007d19   Thumb Code    44  lc_numeric_c.o(locale$$code)
    __aeabi_d2f                              0x08007d45   Thumb Code     0  d2f.o(x$fpl$d2f)
    _d2f                                     0x08007d45   Thumb Code    98  d2f.o(x$fpl$d2f)
    __aeabi_dadd                             0x08007da9   Thumb Code     0  daddsub_clz.o(x$fpl$dadd)
    _dadd                                    0x08007da9   Thumb Code   332  daddsub_clz.o(x$fpl$dadd)
    __aeabi_ddiv                             0x08007ef9   Thumb Code     0  ddiv.o(x$fpl$ddiv)
    _ddiv                                    0x08007ef9   Thumb Code   552  ddiv.o(x$fpl$ddiv)
    __aeabi_d2iz                             0x080081a9   Thumb Code     0  dfix.o(x$fpl$dfix)
    _dfix                                    0x080081a9   Thumb Code    94  dfix.o(x$fpl$dfix)
    __aeabi_d2uiz                            0x08008209   Thumb Code     0  dfixu.o(x$fpl$dfixu)
    _dfixu                                   0x08008209   Thumb Code    90  dfixu.o(x$fpl$dfixu)
    __aeabi_i2d                              0x08008263   Thumb Code     0  dflt_clz.o(x$fpl$dflt)
    _dflt                                    0x08008263   Thumb Code    46  dflt_clz.o(x$fpl$dflt)
    __aeabi_ui2d                             0x08008291   Thumb Code     0  dflt_clz.o(x$fpl$dfltu)
    _dfltu                                   0x08008291   Thumb Code    38  dflt_clz.o(x$fpl$dfltu)
    __aeabi_dmul                             0x080082b9   Thumb Code     0  dmul.o(x$fpl$dmul)
    _dmul                                    0x080082b9   Thumb Code   332  dmul.o(x$fpl$dmul)
    __fpl_dnaninf                            0x0800840d   Thumb Code   156  dnaninf.o(x$fpl$dnaninf)
    __fpl_dretinf                            0x080084a9   Thumb Code    12  dretinf.o(x$fpl$dretinf)
    _dsqrt                                   0x080084b5   Thumb Code   456  dsqrt_noumaal.o(x$fpl$dsqrt)
    __aeabi_dsub                             0x08008681   Thumb Code     0  daddsub_clz.o(x$fpl$dsub)
    _dsub                                    0x08008681   Thumb Code   464  daddsub_clz.o(x$fpl$dsub)
    __aeabi_f2d                              0x08008855   Thumb Code     0  f2d.o(x$fpl$f2d)
    _f2d                                     0x08008855   Thumb Code    86  f2d.o(x$fpl$f2d)
    __aeabi_fadd                             0x080088ad   Thumb Code     0  faddsub_clz.o(x$fpl$fadd)
    _fadd                                    0x080088ad   Thumb Code   196  faddsub_clz.o(x$fpl$fadd)
    __aeabi_fdiv                             0x08008971   Thumb Code     0  fdiv.o(x$fpl$fdiv)
    _fdiv                                    0x08008971   Thumb Code   384  fdiv.o(x$fpl$fdiv)
    __aeabi_f2iz                             0x08008af5   Thumb Code     0  ffix.o(x$fpl$ffix)
    _ffix                                    0x08008af5   Thumb Code    54  ffix.o(x$fpl$ffix)
    __aeabi_i2f                              0x08008b2d   Thumb Code     0  fflt_clz.o(x$fpl$fflt)
    _fflt                                    0x08008b2d   Thumb Code    48  fflt_clz.o(x$fpl$fflt)
    __aeabi_fmul                             0x08008b5d   Thumb Code     0  fmul.o(x$fpl$fmul)
    _fmul                                    0x08008b5d   Thumb Code   258  fmul.o(x$fpl$fmul)
    __fpl_fnaninf                            0x08008c5f   Thumb Code   140  fnaninf.o(x$fpl$fnaninf)
    __fpl_fretinf                            0x08008ceb   Thumb Code    10  fretinf.o(x$fpl$fretinf)
    __aeabi_fsub                             0x08008cf5   Thumb Code     0  faddsub_clz.o(x$fpl$fsub)
    _fsub                                    0x08008cf5   Thumb Code   234  faddsub_clz.o(x$fpl$fsub)
    _printf_fp_dec                           0x08008ddf   Thumb Code     4  printf1.o(x$fpl$printf1)
    __I$use$fp                               0x08008de2   Number         0  usenofp.o(x$fpl$usenofp)
    asc2_1206                                0x08008e14   Data        1140  lcd.o(.constdata)
    asc2_1608                                0x08009288   Data        1520  lcd.o(.constdata)
    asc2_2412                                0x08009878   Data        3420  lcd.o(.constdata)
    Region$$Table$$Base                      0x0800a690   Number         0  anon$$obj.o(Region$$Table)
    Region$$Table$$Limit                     0x0800a6b0   Number         0  anon$$obj.o(Region$$Table)
    PS2_LX                                   0x20000000   Data           4  main.o(.data)
    PS2_LY                                   0x20000004   Data           4  main.o(.data)
    PS2_RX                                   0x20000008   Data           4  main.o(.data)
    PS2_RY                                   0x2000000c   Data           4  main.o(.data)
    PS2_KEY                                  0x20000010   Data           4  main.o(.data)
    i                                        0x20000014   Data           4  main.o(.data)
    button                                   0x20000018   Data         170  main.o(.data)
    SystemCoreClock                          0x200000c4   Data           4  system_stm32f10x.o(.data)
    AHBPrescTable                            0x200000c8   Data          16  system_stm32f10x.o(.data)
    POINT_COLOR                              0x200000da   Data           2  lcd.o(.data)
    BACK_COLOR                               0x200000dc   Data           2  lcd.o(.data)
    key1                                     0x200000e0   Data           1  pid.o(.data)
    Y                                        0x200000e4   Data          16  pid.o(.data)
    X                                        0x200000f4   Data          16  pid.o(.data)
    W                                        0x20000104   Data          16  pid.o(.data)
    TX_buf                                   0x20000114   Data           8  pid.o(.data)
    RX_buf                                   0x2000011c   Data           8  pid.o(.data)
    flag                                     0x20000124   Data           1  pid.o(.data)
    IDD                                      0x20000128   Data           4  pid.o(.data)
    sign                                     0x2000012c   Data           4  pid.o(.data)
    IID                                      0x20000130   Data          16  pid.o(.data)
    last_speed                               0x20000140   Data           8  pid.o(.data)
    current                                  0x20000148   Data           8  pid.o(.data)
    angle                                    0x20000150   Data           8  pid.o(.data)
    last_angle                               0x20000158   Data           8  pid.o(.data)
    pos_X                                    0x20000160   Data           4  pid.o(.data)
    pos_Y                                    0x20000164   Data           4  pid.o(.data)
    pos_W                                    0x20000168   Data           4  pid.o(.data)
    error_X                                  0x2000016c   Data           4  pid.o(.data)
    error_Y                                  0x20000170   Data           4  pid.o(.data)
    last_error_X                             0x20000174   Data           4  pid.o(.data)
    last_error_Y                             0x20000178   Data           4  pid.o(.data)
    error_sum_X                              0x2000017c   Data           4  pid.o(.data)
    error_sum_Y                              0x20000180   Data           4  pid.o(.data)
    d_error_X                                0x20000184   Data           4  pid.o(.data)
    d_error_Y                                0x20000188   Data           4  pid.o(.data)
    Handkey                                  0x2000018c   Data           2  pstwo.o(.data)
    Comd                                     0x2000018e   Data           2  pstwo.o(.data)
    MASK                                     0x20000190   Data          32  pstwo.o(.data)
    __stdout                                 0x200001b4   Data           4  usart.o(.data)
    USART_RX_STA                             0x200001b8   Data           2  usart.o(.data)
    lcddev                                   0x200001d0   Data          14  lcd.o(.bss)
    tem_speed                                0x200001e0   Data          32  pid.o(.bss)
    error                                    0x20000200   Data          32  pid.o(.bss)
    last_error                               0x20000220   Data          32  pid.o(.bss)
    error_sum                                0x20000240   Data          32  pid.o(.bss)
    d_error                                  0x20000260   Data          32  pid.o(.bss)
    r                                        0x20000280   Data          16  pid.o(.bss)
    Data                                     0x20000290   Data           9  pstwo.o(.bss)
    USART_RX_BUF                             0x20000299   Data         200  usart.o(.bss)
    __libspace_start                         0x20000364   Data          96  libspace.o(.bss)
    __temporary_stack_top$libspace           0x200003c4   Data           0  libspace.o(.bss)



==============================================================================

Memory Map of the image

  Image Entry point : 0x08000131

  Load Region LR_IROM1 (Base: 0x08000000, Size: 0x0000a89c, Max: 0x00080000, ABSOLUTE, COMPRESSED[0x0000a780])

    Execution Region ER_IROM1 (Base: 0x08000000, Size: 0x0000a6cc, Max: 0x00080000, ABSOLUTE)

    Base Addr    Size         Type   Attr      Idx    E Section Name        Object

    0x08000000   0x00000130   Data   RO          370    RESET               startup_stm32f10x_hd.o
    0x08000130   0x00000008   Code   RO          510  * !!!main             c_w.l(__main.o)
    0x08000138   0x00000034   Code   RO          809    !!!scatter          c_w.l(__scatter.o)
    0x0800016c   0x0000005a   Code   RO          807    !!dczerorl2         c_w.l(__dczerorl2.o)
    0x080001c6   0x00000002   PAD
    0x080001c8   0x0000001c   Code   RO          811    !!handler_zi        c_w.l(__scatter_zi.o)
    0x080001e4   0x00000000   Code   RO          505    .ARM.Collect$$_printf_percent$$00000000  c_w.l(_printf_percent.o)
    0x080001e4   0x00000006   Code   RO          504    .ARM.Collect$$_printf_percent$$00000003  c_w.l(_printf_f.o)
    0x080001ea   0x00000006   Code   RO          503    .ARM.Collect$$_printf_percent$$00000009  c_w.l(_printf_d.o)
    0x080001f0   0x00000006   Code   RO          502    .ARM.Collect$$_printf_percent$$0000000C  c_w.l(_printf_x.o)
    0x080001f6   0x00000004   Code   RO          585    .ARM.Collect$$_printf_percent$$00000017  c_w.l(_printf_percent_end.o)
    0x080001fa   0x00000002   Code   RO          684    .ARM.Collect$$libinit$$00000000  c_w.l(libinit.o)
    0x080001fc   0x00000000   Code   RO          686    .ARM.Collect$$libinit$$00000002  c_w.l(libinit2.o)
    0x080001fc   0x00000000   Code   RO          688    .ARM.Collect$$libinit$$00000004  c_w.l(libinit2.o)
    0x080001fc   0x00000000   Code   RO          691    .ARM.Collect$$libinit$$0000000A  c_w.l(libinit2.o)
    0x080001fc   0x00000000   Code   RO          693    .ARM.Collect$$libinit$$0000000C  c_w.l(libinit2.o)
    0x080001fc   0x00000000   Code   RO          695    .ARM.Collect$$libinit$$0000000E  c_w.l(libinit2.o)
    0x080001fc   0x00000006   Code   RO          696    .ARM.Collect$$libinit$$0000000F  c_w.l(libinit2.o)
    0x08000202   0x00000000   Code   RO          698    .ARM.Collect$$libinit$$00000011  c_w.l(libinit2.o)
    0x08000202   0x00000000   Code   RO          700    .ARM.Collect$$libinit$$00000013  c_w.l(libinit2.o)
    0x08000202   0x00000000   Code   RO          702    .ARM.Collect$$libinit$$00000015  c_w.l(libinit2.o)
    0x08000202   0x0000000a   Code   RO          703    .ARM.Collect$$libinit$$00000016  c_w.l(libinit2.o)
    0x0800020c   0x00000000   Code   RO          704    .ARM.Collect$$libinit$$00000017  c_w.l(libinit2.o)
    0x0800020c   0x00000000   Code   RO          706    .ARM.Collect$$libinit$$00000019  c_w.l(libinit2.o)
    0x0800020c   0x00000000   Code   RO          708    .ARM.Collect$$libinit$$0000001B  c_w.l(libinit2.o)
    0x0800020c   0x00000000   Code   RO          710    .ARM.Collect$$libinit$$0000001D  c_w.l(libinit2.o)
    0x0800020c   0x00000000   Code   RO          712    .ARM.Collect$$libinit$$0000001F  c_w.l(libinit2.o)
    0x0800020c   0x00000000   Code   RO          714    .ARM.Collect$$libinit$$00000021  c_w.l(libinit2.o)
    0x0800020c   0x00000000   Code   RO          716    .ARM.Collect$$libinit$$00000023  c_w.l(libinit2.o)
    0x0800020c   0x00000000   Code   RO          718    .ARM.Collect$$libinit$$00000025  c_w.l(libinit2.o)
    0x0800020c   0x00000000   Code   RO          722    .ARM.Collect$$libinit$$0000002C  c_w.l(libinit2.o)
    0x0800020c   0x00000000   Code   RO          724    .ARM.Collect$$libinit$$0000002E  c_w.l(libinit2.o)
    0x0800020c   0x00000000   Code   RO          726    .ARM.Collect$$libinit$$00000030  c_w.l(libinit2.o)
    0x0800020c   0x00000000   Code   RO          728    .ARM.Collect$$libinit$$00000032  c_w.l(libinit2.o)
    0x0800020c   0x00000002   Code   RO          729    .ARM.Collect$$libinit$$00000033  c_w.l(libinit2.o)
    0x0800020e   0x00000002   Code   RO          757    .ARM.Collect$$libshutdown$$00000000  c_w.l(libshutdown.o)
    0x08000210   0x00000000   Code   RO          766    .ARM.Collect$$libshutdown$$00000002  c_w.l(libshutdown2.o)
    0x08000210   0x00000000   Code   RO          768    .ARM.Collect$$libshutdown$$00000004  c_w.l(libshutdown2.o)
    0x08000210   0x00000000   Code   RO          771    .ARM.Collect$$libshutdown$$00000007  c_w.l(libshutdown2.o)
    0x08000210   0x00000000   Code   RO          774    .ARM.Collect$$libshutdown$$0000000A  c_w.l(libshutdown2.o)
    0x08000210   0x00000000   Code   RO          776    .ARM.Collect$$libshutdown$$0000000C  c_w.l(libshutdown2.o)
    0x08000210   0x00000000   Code   RO          779    .ARM.Collect$$libshutdown$$0000000F  c_w.l(libshutdown2.o)
    0x08000210   0x00000002   Code   RO          780    .ARM.Collect$$libshutdown$$00000010  c_w.l(libshutdown2.o)
    0x08000212   0x00000000   Code   RO          576    .ARM.Collect$$rtentry$$00000000  c_w.l(__rtentry.o)
    0x08000212   0x00000000   Code   RO          600    .ARM.Collect$$rtentry$$00000002  c_w.l(__rtentry2.o)
    0x08000212   0x00000006   Code   RO          612    .ARM.Collect$$rtentry$$00000004  c_w.l(__rtentry4.o)
    0x08000218   0x00000000   Code   RO          602    .ARM.Collect$$rtentry$$00000009  c_w.l(__rtentry2.o)
    0x08000218   0x00000004   Code   RO          603    .ARM.Collect$$rtentry$$0000000A  c_w.l(__rtentry2.o)
    0x0800021c   0x00000000   Code   RO          605    .ARM.Collect$$rtentry$$0000000C  c_w.l(__rtentry2.o)
    0x0800021c   0x00000008   Code   RO          606    .ARM.Collect$$rtentry$$0000000D  c_w.l(__rtentry2.o)
    0x08000224   0x00000002   Code   RO          730    .ARM.Collect$$rtexit$$00000000  c_w.l(rtexit.o)
    0x08000226   0x00000000   Code   RO          737    .ARM.Collect$$rtexit$$00000002  c_w.l(rtexit2.o)
    0x08000226   0x00000004   Code   RO          738    .ARM.Collect$$rtexit$$00000003  c_w.l(rtexit2.o)
    0x0800022a   0x00000006   Code   RO          739    .ARM.Collect$$rtexit$$00000004  c_w.l(rtexit2.o)
    0x08000230   0x00000628   Code   RO            1    .text               main.o
    0x08000858   0x0000001a   Code   RO          146    .text               stm32f10x_it.o
    0x08000872   0x00000002   PAD
    0x08000874   0x000001e0   Code   RO          187    .text               system_stm32f10x.o
    0x08000a54   0x0000004c   Code   RO          205    .text               led.o
    0x08000aa0   0x000000fc   Code   RO          217    .text               key.o
    0x08000b9c   0x0000344c   Code   RO          230    .text               lcd.o
    0x08003fe8   0x00000170   Code   RO          253    .text               can.o
    0x08004158   0x00000748   Code   RO          269    .text               pid.o
    0x080048a0   0x000003e0   Code   RO          285    .text               pstwo.o
    0x08004c80   0x000000d4   Code   RO          304    .text               delay.o
    0x08004d54   0x00000140   Code   RO          335    .text               usart.o
    0x08004e94   0x00000040   Code   RO          371    .text               startup_stm32f10x_hd.o
    0x08004ed4   0x000000dc   Code   RO          375    .text               misc.o
    0x08004fb0   0x0000060c   Code   RO          387    .text               stm32f10x_fsmc.o
    0x080055bc   0x0000035c   Code   RO          399    .text               stm32f10x_gpio.o
    0x08005918   0x000003a4   Code   RO          411    .text               stm32f10x_rcc.o
    0x08005cbc   0x000009f0   Code   RO          425    .text               stm32f10x_can.o
    0x080066ac   0x00000408   Code   RO          437    .text               stm32f10x_usart.o
    0x08006ab4   0x00000002   Code   RO          451    .text               c_w.l(use_no_semi_2.o)
    0x08006ab6   0x00000002   PAD
    0x08006ab8   0x00000018   Code   RO          455    .text               c_w.l(noretval__2printf.o)
    0x08006ad0   0x00000078   Code   RO          459    .text               c_w.l(_printf_dec.o)
    0x08006b48   0x00000058   Code   RO          464    .text               c_w.l(_printf_hex_int.o)
    0x08006ba0   0x0000010e   Code   RO          490    .text               c_w.l(__printf_wp.o)
    0x08006cae   0x0000004e   Code   RO          506    .text               c_w.l(rt_memclr_w.o)
    0x08006cfc   0x00000006   Code   RO          508    .text               c_w.l(heapauxi.o)
    0x08006d02   0x00000002   Code   RO          574    .text               c_w.l(use_no_semi.o)
    0x08006d04   0x00000016   Code   RO          577    .text               c_w.l(_rserrno.o)
    0x08006d1a   0x000000b2   Code   RO          579    .text               c_w.l(_printf_intcommon.o)
    0x08006dcc   0x0000041a   Code   RO          581    .text               c_w.l(_printf_fp_dec.o)
    0x080071e6   0x00000002   PAD
    0x080071e8   0x00000024   Code   RO          583    .text               c_w.l(_printf_char_file.o)
    0x0800720c   0x00000008   Code   RO          617    .text               c_w.l(rt_locale_intlibspace.o)
    0x08007214   0x00000008   Code   RO          622    .text               c_w.l(rt_errno_addr_intlibspace.o)
    0x0800721c   0x0000008a   Code   RO          624    .text               c_w.l(lludiv10.o)
    0x080072a6   0x00000002   PAD
    0x080072a8   0x00000030   Code   RO          626    .text               c_w.l(_printf_char_common.o)
    0x080072d8   0x00000080   Code   RO          628    .text               c_w.l(_printf_fp_infnan.o)
    0x08007358   0x000000dc   Code   RO          630    .text               c_w.l(bigflt0.o)
    0x08007434   0x00000008   Code   RO          655    .text               c_w.l(ferror.o)
    0x0800743c   0x00000008   Code   RO          668    .text               c_w.l(libspace.o)
    0x08007444   0x0000004a   Code   RO          671    .text               c_w.l(sys_stackheap_outer.o)
    0x0800748e   0x00000012   Code   RO          675    .text               c_w.l(exit.o)
    0x080074a0   0x00000080   Code   RO          677    .text               c_w.l(strcmpv7m.o)
    0x08007520   0x0000003e   Code   RO          633    CL$$btod_d2e        c_w.l(btod.o)
    0x0800755e   0x00000046   Code   RO          635    CL$$btod_d2e_denorm_low  c_w.l(btod.o)
    0x080075a4   0x00000060   Code   RO          634    CL$$btod_d2e_norm_op1  c_w.l(btod.o)
    0x08007604   0x00000338   Code   RO          643    CL$$btod_div_common  c_w.l(btod.o)
    0x0800793c   0x000000c6   Code   RO          640    CL$$btod_e2e        c_w.l(btod.o)
    0x08007a02   0x00000028   Code   RO          637    CL$$btod_ediv       c_w.l(btod.o)
    0x08007a2a   0x00000028   Code   RO          636    CL$$btod_emul       c_w.l(btod.o)
    0x08007a52   0x00000244   Code   RO          642    CL$$btod_mult_common  c_w.l(btod.o)
    0x08007c96   0x00000028   Code   RO          666    i.__ARM_fpclassify  m_ws.l(fpclassify.o)
    0x08007cbe   0x0000000e   Code   RO          492    i._is_digit         c_w.l(__printf_wp.o)
    0x08007ccc   0x0000004c   Code   RO          567    i.sqrt              m_ws.l(sqrt.o)
    0x08007d18   0x0000002c   Code   RO          660    locale$$code        c_w.l(lc_numeric_c.o)
    0x08007d44   0x00000062   Code   RO          512    x$fpl$d2f           fz_ws.l(d2f.o)
    0x08007da6   0x00000002   PAD
    0x08007da8   0x00000150   Code   RO          514    x$fpl$dadd          fz_ws.l(daddsub_clz.o)
    0x08007ef8   0x000002b0   Code   RO          521    x$fpl$ddiv          fz_ws.l(ddiv.o)
    0x080081a8   0x0000005e   Code   RO          524    x$fpl$dfix          fz_ws.l(dfix.o)
    0x08008206   0x00000002   PAD
    0x08008208   0x0000005a   Code   RO          528    x$fpl$dfixu         fz_ws.l(dfixu.o)
    0x08008262   0x0000002e   Code   RO          533    x$fpl$dflt          fz_ws.l(dflt_clz.o)
    0x08008290   0x00000026   Code   RO          532    x$fpl$dfltu         fz_ws.l(dflt_clz.o)
    0x080082b6   0x00000002   PAD
    0x080082b8   0x00000154   Code   RO          538    x$fpl$dmul          fz_ws.l(dmul.o)
    0x0800840c   0x0000009c   Code   RO          588    x$fpl$dnaninf       fz_ws.l(dnaninf.o)
    0x080084a8   0x0000000c   Code   RO          590    x$fpl$dretinf       fz_ws.l(dretinf.o)
    0x080084b4   0x000001cc   Code   RO          592    x$fpl$dsqrt         fz_ws.l(dsqrt_noumaal.o)
    0x08008680   0x000001d4   Code   RO          516    x$fpl$dsub          fz_ws.l(daddsub_clz.o)
    0x08008854   0x00000056   Code   RO          540    x$fpl$f2d           fz_ws.l(f2d.o)
    0x080088aa   0x00000002   PAD
    0x080088ac   0x000000c4   Code   RO          542    x$fpl$fadd          fz_ws.l(faddsub_clz.o)
    0x08008970   0x00000184   Code   RO          549    x$fpl$fdiv          fz_ws.l(fdiv.o)
    0x08008af4   0x00000036   Code   RO          552    x$fpl$ffix          fz_ws.l(ffix.o)
    0x08008b2a   0x00000002   PAD
    0x08008b2c   0x00000030   Code   RO          557    x$fpl$fflt          fz_ws.l(fflt_clz.o)
    0x08008b5c   0x00000102   Code   RO          562    x$fpl$fmul          fz_ws.l(fmul.o)
    0x08008c5e   0x0000008c   Code   RO          594    x$fpl$fnaninf       fz_ws.l(fnaninf.o)
    0x08008cea   0x0000000a   Code   RO          596    x$fpl$fretinf       fz_ws.l(fretinf.o)
    0x08008cf4   0x000000ea   Code   RO          544    x$fpl$fsub          fz_ws.l(faddsub_clz.o)
    0x08008dde   0x00000004   Code   RO          564    x$fpl$printf1       fz_ws.l(printf1.o)
    0x08008de2   0x00000000   Code   RO          598    x$fpl$usenofp       fz_ws.l(usenofp.o)
    0x08008de2   0x00000002   PAD
    0x08008de4   0x00000030   Data   RO            2    .constdata          main.o
    0x08008e14   0x000017c0   Data   RO          232    .constdata          lcd.o
    0x0800a5d4   0x00000028   Data   RO          465    .constdata          c_w.l(_printf_hex_int.o)
    0x0800a5fc   0x00000094   Data   RO          631    .constdata          c_w.l(bigflt0.o)
    0x0800a690   0x00000020   Data   RO          805    Region$$Table       anon$$obj.o
    0x0800a6b0   0x0000001c   Data   RO          659    locale$$data        c_w.l(lc_numeric_c.o)


    Execution Region RW_IRAM1 (Base: 0x20000000, Size: 0x000009c8, Max: 0x00010000, ABSOLUTE, COMPRESSED[0x000000b4])

    Base Addr    Size         Type   Attr      Idx    E Section Name        Object

    0x20000000   0x000000c2   Data   RW            3    .data               main.o
    0x200000c2   0x00000002   PAD
    0x200000c4   0x00000014   Data   RW          188    .data               system_stm32f10x.o
    0x200000d8   0x00000001   Data   RW          218    .data               key.o
    0x200000d9   0x00000001   PAD
    0x200000da   0x00000004   Data   RW          233    .data               lcd.o
    0x200000de   0x00000002   PAD
    0x200000e0   0x000000ac   Data   RW          271    .data               pid.o
    0x2000018c   0x00000024   Data   RW          287    .data               pstwo.o
    0x200001b0   0x00000004   Data   RW          305    .data               delay.o
    0x200001b4   0x00000006   Data   RW          337    .data               usart.o
    0x200001ba   0x00000014   Data   RW          412    .data               stm32f10x_rcc.o
    0x200001ce   0x00000002   PAD
    0x200001d0   0x0000000e   Zero   RW          231    .bss                lcd.o
    0x200001de   0x00000002   PAD
    0x200001e0   0x000000b0   Zero   RW          270    .bss                pid.o
    0x20000290   0x00000009   Zero   RW          286    .bss                pstwo.o
    0x20000299   0x000000c8   Zero   RW          336    .bss                usart.o
    0x20000361   0x00000003   PAD
    0x20000364   0x00000060   Zero   RW          669    .bss                c_w.l(libspace.o)
    0x200003c4   0x00000004   PAD
    0x200003c8   0x00000200   Zero   RW          369    HEAP                startup_stm32f10x_hd.o
    0x200005c8   0x00000400   Zero   RW          368    STACK               startup_stm32f10x_hd.o


==============================================================================

Image component sizes


      Code (inc. data)   RO Data    RW Data    ZI Data      Debug   Object Name

       368          8          0          0          0       2193   can.o
       212         18          0          4          0       1087   delay.o
       252         16          0          1          0        860   key.o
     13388        124       6080          4         14      18578   lcd.o
        76          8          0          0          0        519   led.o
      1576         96         48        194          0     251246   main.o
       220         22          0          0          0       1845   misc.o
      1864        270          0        172        176       3751   pid.o
       992         28          0         36          9       3663   pstwo.o
        64         26        304          0       1536        808   startup_stm32f10x_hd.o
      2544         38          0          0          0       8076   stm32f10x_can.o
      1548         18          0          0          0       5423   stm32f10x_fsmc.o
       860         38          0          0          0       5777   stm32f10x_gpio.o
        26          0          0          0          0       1202   stm32f10x_it.o
       932         36          0         20          0       8980   stm32f10x_rcc.o
      1032         22          0          0          0       8504   stm32f10x_usart.o
         0          0          0          0          0         32   sys.o
       480         38          0         20          0       1803   system_stm32f10x.o
       320         18          0          6        200       3198   usart.o

    ----------------------------------------------------------------------
     26756        824       6464        464       1940     327545   Object Totals
         0          0         32          0          0          0   (incl. Generated)
         2          0          0          7          5          0   (incl. Padding)

    ----------------------------------------------------------------------

      Code (inc. data)   RO Data    RW Data    ZI Data      Debug   Library Member Name

        90          0          0          0          0          0   __dczerorl2.o
         8          0          0          0          0         68   __main.o
       284          0          0          0          0        156   __printf_wp.o
         0          0          0          0          0          0   __rtentry.o
        12          0          0          0          0          0   __rtentry2.o
         6          0          0          0          0          0   __rtentry4.o
        52          8          0          0          0          0   __scatter.o
        28          0          0          0          0          0   __scatter_zi.o
        48          6          0          0          0         96   _printf_char_common.o
        36          4          0          0          0         80   _printf_char_file.o
         6          0          0          0          0          0   _printf_d.o
       120         16          0          0          0         92   _printf_dec.o
         6          0          0          0          0          0   _printf_f.o
      1050          0          0          0          0        216   _printf_fp_dec.o
       128         16          0          0          0         84   _printf_fp_infnan.o
        88          4         40          0          0         88   _printf_hex_int.o
       178          0          0          0          0         88   _printf_intcommon.o
         0          0          0          0          0          0   _printf_percent.o
         4          0          0          0          0          0   _printf_percent_end.o
         6          0          0          0          0          0   _printf_x.o
        22          0          0          0          0        100   _rserrno.o
       220          4        148          0          0         96   bigflt0.o
      1910        128          0          0          0        672   btod.o
        18          0          0          0          0         80   exit.o
         8          0          0          0          0         68   ferror.o
         6          0          0          0          0        152   heapauxi.o
        44         10         28          0          0         76   lc_numeric_c.o
         2          0          0          0          0          0   libinit.o
        18          0          0          0          0          0   libinit2.o
         2          0          0          0          0          0   libshutdown.o
         2          0          0          0          0          0   libshutdown2.o
         8          4          0          0         96         68   libspace.o
       138          0          0          0          0         80   lludiv10.o
        24          4          0          0          0         84   noretval__2printf.o
         8          4          0          0          0         68   rt_errno_addr_intlibspace.o
         8          4          0          0          0         68   rt_locale_intlibspace.o
        78          0          0          0          0         80   rt_memclr_w.o
         2          0          0          0          0          0   rtexit.o
        10          0          0          0          0          0   rtexit2.o
       128          0          0          0          0         68   strcmpv7m.o
        74          0          0          0          0         80   sys_stackheap_outer.o
         2          0          0          0          0         68   use_no_semi.o
         2          0          0          0          0         68   use_no_semi_2.o
        98          4          0          0          0         92   d2f.o
       804         16          0          0          0        272   daddsub_clz.o
       688        140          0          0          0        208   ddiv.o
        94          4          0          0          0         92   dfix.o
        90          4          0          0          0         92   dfixu.o
        84          0          0          0          0        136   dflt_clz.o
       340         12          0          0          0        104   dmul.o
       156          4          0          0          0         92   dnaninf.o
        12          0          0          0          0         68   dretinf.o
       460         56          0          0          0        120   dsqrt_noumaal.o
        86          4          0          0          0         84   f2d.o
       430          8          0          0          0        168   faddsub_clz.o
       388         76          0          0          0         96   fdiv.o
        54          4          0          0          0         84   ffix.o
        48          0          0          0          0         68   fflt_clz.o
       258          4          0          0          0         84   fmul.o
       140          4          0          0          0         84   fnaninf.o
        10          0          0          0          0         68   fretinf.o
         4          0          0          0          0         68   printf1.o
         0          0          0          0          0          0   usenofp.o
        40          0          0          0          0         68   fpclassify.o
        76          0          0          0          0         84   sqrt.o

    ----------------------------------------------------------------------
      9264        552        216          0        100       5176   Library Totals
        20          0          0          0          4          0   (incl. Padding)

    ----------------------------------------------------------------------

      Code (inc. data)   RO Data    RW Data    ZI Data      Debug   Library Name

      4884        212        216          0         96       2944   c_w.l
      4244        340          0          0          0       2080   fz_ws.l
       116          0          0          0          0        152   m_ws.l

    ----------------------------------------------------------------------
      9264        552        216          0        100       5176   Library Totals

    ----------------------------------------------------------------------

==============================================================================


      Code (inc. data)   RO Data    RW Data    ZI Data      Debug   

     36020       1376       6680        464       2040     328297   Grand Totals
     36020       1376       6680        180       2040     328297   ELF Image Totals (compressed)
     36020       1376       6680        180          0          0   ROM Totals

==============================================================================

    Total RO  Size (Code + RO Data)                42700 (  41.70kB)
    Total RW  Size (RW Data + ZI Data)              2504 (   2.45kB)
    Total ROM Size (Code + RO Data + RW Data)      42880 (  41.88kB)

==============================================================================

